Archive member included to satisfy reference by file (symbol)

/Applications/STM32CubeIDE.app/Contents/Eclipse/plugins/com.st.stm32cube.ide.mcu.externaltools.gnu-tools-for-stm32.13.3.rel1.macos64_1.0.0.202411102158/tools/bin/../lib/gcc/arm-none-eabi/13.3.1/../../../../arm-none-eabi/lib/thumb/v7e-m+fp/hard/libc_nano.a(libc_a-exit.o)
                              /Applications/STM32CubeIDE.app/Contents/Eclipse/plugins/com.st.stm32cube.ide.mcu.externaltools.gnu-tools-for-stm32.13.3.rel1.macos64_1.0.0.202411102158/tools/bin/../lib/gcc/arm-none-eabi/13.3.1/../../../../arm-none-eabi/lib/thumb/v7e-m+fp/hard/crt0.o (exit)
/Applications/STM32CubeIDE.app/Contents/Eclipse/plugins/com.st.stm32cube.ide.mcu.externaltools.gnu-tools-for-stm32.13.3.rel1.macos64_1.0.0.202411102158/tools/bin/../lib/gcc/arm-none-eabi/13.3.1/../../../../arm-none-eabi/lib/thumb/v7e-m+fp/hard/libc_nano.a(libc_a-sprintf.o)
                              ./Core/Src/airlet_gui.o (sprintf)
/Applications/STM32CubeIDE.app/Contents/Eclipse/plugins/com.st.stm32cube.ide.mcu.externaltools.gnu-tools-for-stm32.13.3.rel1.macos64_1.0.0.202411102158/tools/bin/../lib/gcc/arm-none-eabi/13.3.1/../../../../arm-none-eabi/lib/thumb/v7e-m+fp/hard/libc_nano.a(libc_a-findfp.o)
                              /Applications/STM32CubeIDE.app/Contents/Eclipse/plugins/com.st.stm32cube.ide.mcu.externaltools.gnu-tools-for-stm32.13.3.rel1.macos64_1.0.0.202411102158/tools/bin/../lib/gcc/arm-none-eabi/13.3.1/../../../../arm-none-eabi/lib/thumb/v7e-m+fp/hard/libc_nano.a(libc_a-exit.o) (__stdio_exit_handler)
/Applications/STM32CubeIDE.app/Contents/Eclipse/plugins/com.st.stm32cube.ide.mcu.externaltools.gnu-tools-for-stm32.13.3.rel1.macos64_1.0.0.202411102158/tools/bin/../lib/gcc/arm-none-eabi/13.3.1/../../../../arm-none-eabi/lib/thumb/v7e-m+fp/hard/libc_nano.a(libc_a-fwalk.o)
                              /Applications/STM32CubeIDE.app/Contents/Eclipse/plugins/com.st.stm32cube.ide.mcu.externaltools.gnu-tools-for-stm32.13.3.rel1.macos64_1.0.0.202411102158/tools/bin/../lib/gcc/arm-none-eabi/13.3.1/../../../../arm-none-eabi/lib/thumb/v7e-m+fp/hard/libc_nano.a(libc_a-findfp.o) (_fwalk_sglue)
/Applications/STM32CubeIDE.app/Contents/Eclipse/plugins/com.st.stm32cube.ide.mcu.externaltools.gnu-tools-for-stm32.13.3.rel1.macos64_1.0.0.202411102158/tools/bin/../lib/gcc/arm-none-eabi/13.3.1/../../../../arm-none-eabi/lib/thumb/v7e-m+fp/hard/libc_nano.a(libc_a-memset.o)
                              /Applications/STM32CubeIDE.app/Contents/Eclipse/plugins/com.st.stm32cube.ide.mcu.externaltools.gnu-tools-for-stm32.13.3.rel1.macos64_1.0.0.202411102158/tools/bin/../lib/gcc/arm-none-eabi/13.3.1/../../../../arm-none-eabi/lib/thumb/v7e-m+fp/hard/crt0.o (memset)
/Applications/STM32CubeIDE.app/Contents/Eclipse/plugins/com.st.stm32cube.ide.mcu.externaltools.gnu-tools-for-stm32.13.3.rel1.macos64_1.0.0.202411102158/tools/bin/../lib/gcc/arm-none-eabi/13.3.1/../../../../arm-none-eabi/lib/thumb/v7e-m+fp/hard/libc_nano.a(libc_a-errno.o)
                              ./Core/Src/syscalls.o (__errno)
/Applications/STM32CubeIDE.app/Contents/Eclipse/plugins/com.st.stm32cube.ide.mcu.externaltools.gnu-tools-for-stm32.13.3.rel1.macos64_1.0.0.202411102158/tools/bin/../lib/gcc/arm-none-eabi/13.3.1/../../../../arm-none-eabi/lib/thumb/v7e-m+fp/hard/libc_nano.a(libc_a-init.o)
                              /Applications/STM32CubeIDE.app/Contents/Eclipse/plugins/com.st.stm32cube.ide.mcu.externaltools.gnu-tools-for-stm32.13.3.rel1.macos64_1.0.0.202411102158/tools/bin/../lib/gcc/arm-none-eabi/13.3.1/../../../../arm-none-eabi/lib/thumb/v7e-m+fp/hard/crt0.o (__libc_init_array)
/Applications/STM32CubeIDE.app/Contents/Eclipse/plugins/com.st.stm32cube.ide.mcu.externaltools.gnu-tools-for-stm32.13.3.rel1.macos64_1.0.0.202411102158/tools/bin/../lib/gcc/arm-none-eabi/13.3.1/../../../../arm-none-eabi/lib/thumb/v7e-m+fp/hard/libc_nano.a(libc_a-lock.o)
                              /Applications/STM32CubeIDE.app/Contents/Eclipse/plugins/com.st.stm32cube.ide.mcu.externaltools.gnu-tools-for-stm32.13.3.rel1.macos64_1.0.0.202411102158/tools/bin/../lib/gcc/arm-none-eabi/13.3.1/../../../../arm-none-eabi/lib/thumb/v7e-m+fp/hard/libc_nano.a(libc_a-findfp.o) (__retarget_lock_init_recursive)
/Applications/STM32CubeIDE.app/Contents/Eclipse/plugins/com.st.stm32cube.ide.mcu.externaltools.gnu-tools-for-stm32.13.3.rel1.macos64_1.0.0.202411102158/tools/bin/../lib/gcc/arm-none-eabi/13.3.1/../../../../arm-none-eabi/lib/thumb/v7e-m+fp/hard/libc_nano.a(libc_a-impure.o)
                              /Applications/STM32CubeIDE.app/Contents/Eclipse/plugins/com.st.stm32cube.ide.mcu.externaltools.gnu-tools-for-stm32.13.3.rel1.macos64_1.0.0.202411102158/tools/bin/../lib/gcc/arm-none-eabi/13.3.1/../../../../arm-none-eabi/lib/thumb/v7e-m+fp/hard/libc_nano.a(libc_a-sprintf.o) (_impure_ptr)
[...]
Memory Configuration

Name             Origin             Length             Attributes
RAM              0x20000000         0x00008000         xrw
RAM2             0x10000000         0x00002000         xrw
FLASH            0x08000000         0x00010000         xr
*default*        0x00000000         0xffffffff

Linker script and memory map

LOAD /Applications/STM32CubeIDE.app/Contents/Eclipse/plugins/com.st.stm32cube.ide.mcu.externaltools.gnu-tools-for-stm32.13.3.rel1.macos64_1.0.0.202411102158/tools/bin/../lib/gcc/arm-none-eabi/13.3.1/thumb/v7e-m+fp/hard/crti.o
LOAD /Applications/STM32CubeIDE.app/Contents/Eclipse/plugins/com.st.stm32cube.ide.mcu.externaltools.gnu-tools-for-stm32.13.3.rel1.macos64_1.0.0.202411102158/tools/bin/../lib/gcc/arm-none-eabi/13.3.1/thumb/v7e-m+fp/hard/crtbegin.o
LOAD /Applications/STM32CubeIDE.app/Contents/Eclipse/plugins/com.st.stm32cube.ide.mcu.externaltools.gnu-tools-for-stm32.13.3.rel1.macos64_1.0.0.202411102158/tools/bin/../lib/gcc/arm-none-eabi/13.3.1/../../../../arm-none-eabi/lib/thumb/v7e-m+fp/hard/crt0.o
LOAD ./Core/Src/airlet_gui.o
LOAD ./Core/Src/data_perpetuity.o
LOAD ./Core/Src/main.o
LOAD ./Core/Src/sensor_cycling.o
LOAD ./Core/Src/stm32l4xx_hal_msp.o
LOAD ./Core/Src/stm32l4xx_it.o
LOAD ./Core/Src/syscalls.o
LOAD ./Core/Src/sysmem.o
LOAD ./Core/Src/system_stm32l4xx.o
LOAD ./Core/Startup/startup_stm32l412k8ux.o
LOAD ./Drivers/BMI323/bmi323.o
LOAD ./Drivers/OPT3002/opt3002.o
LOAD ./Drivers/SGP41/sensirion_gas_index_algorithm.o
LOAD ./Drivers/SGP41/sgp41.o
LOAD ./Drivers/SSD1316/Src/ssd1316_adv_graphics.o
LOAD ./Drivers/SSD1316/Src/ssd1316_core.o
LOAD ./Drivers/SSD1316/Src/ssd1316_drawing.o
LOAD ./Drivers/SSD1316/Src/ssd1316_hw_config.o
LOAD ./Drivers/STCC4/stcc4.o
LOAD ./Drivers/STM32L4xx_HAL_Driver/Src/stm32l4xx_hal.o
LOAD ./Drivers/STM32L4xx_HAL_Driver/Src/stm32l4xx_hal_adc.o
LOAD ./Drivers/STM32L4xx_HAL_Driver/Src/stm32l4xx_hal_adc_ex.o
LOAD ./Drivers/STM32L4xx_HAL_Driver/Src/stm32l4xx_hal_cortex.o
LOAD ./Drivers/STM32L4xx_HAL_Driver/Src/stm32l4xx_hal_dma.o
LOAD ./Drivers/STM32L4xx_HAL_Driver/Src/stm32l4xx_hal_dma_ex.o
LOAD ./Drivers/STM32L4xx_HAL_Driver/Src/stm32l4xx_hal_exti.o
LOAD ./Drivers/STM32L4xx_HAL_Driver/Src/stm32l4xx_hal_flash.o
LOAD ./Drivers/STM32L4xx_HAL_Driver/Src/stm32l4xx_hal_flash_ex.o
LOAD ./Drivers/STM32L4xx_HAL_Driver/Src/stm32l4xx_hal_flash_ramfunc.o
LOAD ./Drivers/STM32L4xx_HAL_Driver/Src/stm32l4xx_hal_gpio.o
LOAD ./Drivers/STM32L4xx_HAL_Driver/Src/stm32l4xx_hal_i2c.o
LOAD ./Drivers/STM32L4xx_HAL_Driver/Src/stm32l4xx_hal_i2c_ex.o
LOAD ./Drivers/STM32L4xx_HAL_Driver/Src/stm32l4xx_hal_pcd.o
LOAD ./Drivers/STM32L4xx_HAL_Driver/Src/stm32l4xx_hal_pcd_ex.o
LOAD ./Drivers/STM32L4xx_HAL_Driver/Src/stm32l4xx_hal_pwr.o
LOAD ./Drivers/STM32L4xx_HAL_Driver/Src/stm32l4xx_hal_pwr_ex.o
LOAD ./Drivers/STM32L4xx_HAL_Driver/Src/stm32l4xx_hal_rcc.o
LOAD ./Drivers/STM32L4xx_HAL_Driver/Src/stm32l4xx_hal_rcc_ex.o
LOAD ./Drivers/STM32L4xx_HAL_Driver/Src/stm32l4xx_ll_usb.o
LOAD ./Middlewares/ST/STM32_USB_Device_Library/Class/CDC/Src/usbd_cdc.o
LOAD ./Middlewares/ST/STM32_USB_Device_Library/Core/Src/usbd_core.o
LOAD ./Middlewares/ST/STM32_USB_Device_Library/Core/Src/usbd_ctlreq.o
LOAD ./Middlewares/ST/STM32_USB_Device_Library/Core/Src/usbd_ioreq.o
LOAD ./USB_DEVICE/App/usb_device.o
LOAD ./USB_DEVICE/App/usbd_cdc_if.o
LOAD ./USB_DEVICE/App/usbd_desc.o
LOAD ./USB_DEVICE/Target/usbd_conf.o
START GROUP
LOAD /Applications/STM32CubeIDE.app/Contents/Eclipse/plugins/com.st.stm32cube.ide.mcu.externaltools.gnu-tools-for-stm32.13.3.rel1.macos64_1.0.0.202411102158/tools/bin/../lib/gcc/arm-none-eabi/13.3.1/../../../../arm-none-eabi/lib/thumb/v7e-m+fp/hard/libc_nano.a
LOAD /Applications/STM32CubeIDE.app/Contents/Eclipse/plugins/com.st.stm32cube.ide.mcu.externaltools.gnu-tools-for-stm32.13.3.rel1.macos64_1.0.0.202411102158/tools/bin/../lib/gcc/arm-none-eabi/13.3.1/../../../../arm-none-eabi/lib/thumb/v7e-m+fp/hard/libm.a
END GROUP
START GROUP
LOAD /Applications/STM32CubeIDE.app/Contents/Eclipse/plugins/com.st.stm32cube.ide.mcu.externaltools.gnu-tools-for-stm32.13.3.rel1.macos64_1.0.0.202411102158/tools/bin/../lib/gcc/arm-none-eabi/13.3.1/thumb/v7e-m+fp/hard/libgcc.a
LOAD /Applications/STM32CubeIDE.app/Contents/Eclipse/plugins/com.st.stm32cube.ide.mcu.externaltools.gnu-tools-for-stm32.13.3.rel1.macos64_1.0.0.202411102158/tools/bin/../lib/gcc/arm-none-eabi/13.3.1/../../../../arm-none-eabi/lib/thumb/v7e-m+fp/hard/libc_nano.a
END GROUP
START GROUP
LOAD /Applications/STM32CubeIDE.app/Contents/Eclipse/plugins/com.st.stm32cube.ide.mcu.externaltools.gnu-tools-for-stm32.13.3.rel1.macos64_1.0.0.202411102158/tools/bin/../lib/gcc/arm-none-eabi/13.3.1/thumb/v7e-m+fp/hard/libgcc.a
LOAD /Applications/STM32CubeIDE.app/Contents/Eclipse/plugins/com.st.stm32cube.ide.mcu.externaltools.gnu-tools-for-stm32.13.3.rel1.macos64_1.0.0.202411102158/tools/bin/../lib/gcc/arm-none-eabi/13.3.1/../../../../arm-none-eabi/lib/thumb/v7e-m+fp/hard/libc_nano.a
LOAD /Applications/STM32CubeIDE.app/Contents/Eclipse/plugins/com.st.stm32cube.ide.mcu.externaltools.gnu-tools-for-stm32.13.3.rel1.macos64_1.0.0.202411102158/tools/bin/../lib/gcc/arm-none-eabi/13.3.1/../../../../arm-none-eabi/lib/thumb/v7e-m+fp/hard/libnosys.a
END GROUP
START GROUP
LOAD /Applications/STM32CubeIDE.app/Contents/Eclipse/plugins/com.st.stm32cube.ide.mcu.externaltools.gnu-tools-for-stm32.13.3.rel1.macos64_1.0.0.202411102158/tools/bin/../lib/gcc/arm-none-eabi/13.3.1/thumb/v7e-m+fp/hard/libgcc.a
LOAD /Applications/STM32CubeIDE.app/Contents/Eclipse/plugins/com.st.stm32cube.ide.mcu.externaltools.gnu-tools-for-stm32.13.3.rel1.macos64_1.0.0.202411102158/tools/bin/../lib/gcc/arm-none-eabi/13.3.1/../../../../arm-none-eabi/lib/thumb/v7e-m+fp/hard/libc_nano.a
LOAD /Applications/STM32CubeIDE.app/Contents/Eclipse/plugins/com.st.stm32cube.ide.mcu.externaltools.gnu-tools-for-stm32.13.3.rel1.macos64_1.0.0.202411102158/tools/bin/../lib/gcc/arm-none-eabi/13.3.1/../../../../arm-none-eabi/lib/thumb/v7e-m+fp/hard/libnosys.a
END GROUP
LOAD /Applications/STM32CubeIDE.app/Contents/Eclipse/plugins/com.st.stm32cube.ide.mcu.externaltools.gnu-tools-for-stm32.13.3.rel1.macos64_1.0.0.202411102158/tools/bin/../lib/gcc/arm-none-eabi/13.3.1/thumb/v7e-m+fp/hard/crtend.o
LOAD /Applications/STM32CubeIDE.app/Contents/Eclipse/plugins/com.st.stm32cube.ide.mcu.externaltools.gnu-tools-for-stm32.13.3.rel1.macos64_1.0.0.202411102158/tools/bin/../lib/gcc/arm-none-eabi/13.3.1/thumb/v7e-m+fp/hard/crtn.o
                0x20008000                        _estack = (ORIGIN (RAM) + LENGTH (RAM))
                0x00000200                        _Min_Heap_Size = 0x200
                0x00000400                        _Min_Stack_Size = 0x400

.isr_vector     0x08000000      0x18c
                0x08000000                        . = ALIGN (0x4)
 *(.isr_vector)
 .isr_vector    0x08000000      0x18c ./Core/Startup/startup_stm32l412k8ux.o
                0x08000000                g_pfnVectors
                0x0800018c                        . = ALIGN (0x4)

.text           0x08000190     0xee3c
                0x08000190                        . = ALIGN (0x4)
 *(.text)
 .text          0x08000190       0x40 /Applications/STM32CubeIDE.app/Contents/Eclipse/plugins/com.st.stm32cube.ide.mcu.externaltools.gnu-tools-for-stm32.13.3.rel1.macos64_1.0.0.202411102158/tools/bin/../lib/gcc/arm-none-eabi/13.3.1/thumb/v7e-m+fp/hard/crtbegin.o
 .text          0x080001d0       0x10 /Applications/STM32CubeIDE.app/Contents/Eclipse/plugins/com.st.stm32cube.ide.mcu.externaltools.gnu-tools-for-stm32.13.3.rel1.macos64_1.0.0.202411102158/tools/bin/../lib/gcc/arm-none-eabi/13.3.1/../../../../arm-none-eabi/lib/thumb/v7e-m+fp/hard/libc_nano.a(libc_a-strlen.o)
                0x080001d0                strlen
 .text          0x080001e0       0xa0 /Applications/STM32CubeIDE.app/Contents/Eclipse/plugins/com.st.stm32cube.ide.mcu.externaltools.gnu-tools-for-stm32.13.3.rel1.macos64_1.0.0.202411102158/tools/bin/../lib/gcc/arm-none-eabi/13.3.1/../../../../arm-none-eabi/lib/thumb/v7e-m+fp/hard/libc_nano.a(libc_a-memchr.o)
                0x080001e0                memchr
 *(.text*)
 .text.u16_to_str
                0x08000280       0x90 ./Core/Src/airlet_gui.o
 .text.Get_Setting_Value
                0x08000310       0x88 ./Core/Src/airlet_gui.o
                0x08000310                Get_Setting_Value
 .text.Update_Settings
                0x08000398      0x194 ./Core/Src/airlet_gui.o
                0x08000398                Update_Settings
 .text.Get_Screen_State
                0x0800052c       0x18 ./Core/Src/airlet_gui.o
                0x0800052c                Get_Screen_State
 .text.Change_State
                0x08000544       0x80 ./Core/Src/airlet_gui.o
                0x08000544                Change_State
 .text.Display_Sensor_Value
                0x080005c4      0x1e4 ./Core/Src/airlet_gui.o
                0x080005c4                Display_Sensor_Value
 .text.normalize_reading
                0x080007a8       0x3a ./Core/Src/airlet_gui.o
 *fill*         0x080007e2        0x2 
 .text.Display_Sensor_Graph
                0x080007e4      0x22c ./Core/Src/airlet_gui.o
                0x080007e4                Display_Sensor_Graph
 .text.Display_Home_Page
                0x08000a10      0x23c ./Core/Src/airlet_gui.o
                0x08000a10                Display_Home_Page
 .text.Display_Charge_Page
                0x08000c4c       0x80 ./Core/Src/airlet_gui.o
                0x08000c4c                Display_Charge_Page
 .text.Display_Calibration_Page
                0x08000ccc       0x94 ./Core/Src/airlet_gui.o
                0x08000ccc                Display_Calibration_Page
 .text.Display_Settings_Page
                0x08000d60       0xb0 ./Core/Src/airlet_gui.o
                0x08000d60                Display_Settings_Page
 .text.Display_Transistion
                0x08000e10       0x28 ./Core/Src/airlet_gui.o
                0x08000e10                Display_Transistion
 .text.Display_Off
                0x08000e38       0x10 ./Core/Src/airlet_gui.o
                0x08000e38                Display_Off
 .text.Update_Display
                0x08000e48      0x46c ./Core/Src/airlet_gui.o
                0x08000e48                Update_Display
 .text.Check_Button_Navigation
                0x080012b4      0x2e4 ./Core/Src/airlet_gui.o
                0x080012b4                Check_Button_Navigation
 .text.main     0x08001598      0x24c ./Core/Src/main.o
                0x08001598                main
 .text.SystemClock_Config
                0x080017e4       0x8e ./Core/Src/main.o
                0x080017e4                SystemClock_Config
 *fill*         0x08001872        0x2 
 .text.MX_ADC1_Init
                0x08001874       0xec ./Core/Src/main.o
 .text.MX_I2C1_Init
                0x08001960       0x80 ./Core/Src/main.o
 .text.MX_GPIO_Init
                0x080019e0      0x13c ./Core/Src/main.o
 .text.Error_Handler
                0x08001b1c        0xc ./Core/Src/main.o
                0x08001b1c                Error_Handler
 .text.Set_ADC_And_Gas_Params
                0x08001b28       0x38 ./Core/Src/sensor_cycling.o
                0x08001b28                Set_ADC_And_Gas_Params
 .text.int_sqrt
                0x08001b60       0x78 ./Core/Src/sensor_cycling.o
                0x08001b60                int_sqrt
 .text.Refresh_Sensor_Readings
                0x08001bd8      0x484 ./Core/Src/sensor_cycling.o
                0x08001bd8                Refresh_Sensor_Readings
 .text.Set_Sensor_States
                0x0800205c       0x5c ./Core/Src/sensor_cycling.o
                0x0800205c                Set_Sensor_States
 .text.Set_Cycling_Enabled
                0x080020b8       0x20 ./Core/Src/sensor_cycling.o
                0x080020b8                Set_Cycling_Enabled
 .text.Get_Sensor_History
                0x080020d8       0x14 ./Core/Src/sensor_cycling.o
                0x080020d8                Get_Sensor_History
 .text.HAL_MspInit
                0x080020ec       0x48 ./Core/Src/stm32l4xx_hal_msp.o
                0x080020ec                HAL_MspInit
 .text.HAL_ADC_MspInit
                0x08002134       0x7c ./Core/Src/stm32l4xx_hal_msp.o
                0x08002134                HAL_ADC_MspInit
 .text.HAL_I2C_MspInit
                0x080021b0       0xb0 ./Core/Src/stm32l4xx_hal_msp.o
                0x080021b0                HAL_I2C_MspInit
 .text.NMI_Handler
                0x08002260        0x8 ./Core/Src/stm32l4xx_it.o
                0x08002260                NMI_Handler
 .text.HardFault_Handler
                0x08002268        0x8 ./Core/Src/stm32l4xx_it.o
                0x08002268                HardFault_Handler
 .text.MemManage_Handler
                0x08002270        0x8 ./Core/Src/stm32l4xx_it.o
                0x08002270                MemManage_Handler
 .text.BusFault_Handler
                0x08002278        0x8 ./Core/Src/stm32l4xx_it.o
                0x08002278                BusFault_Handler
 .text.UsageFault_Handler
                0x08002280        0x8 ./Core/Src/stm32l4xx_it.o
                0x08002280                UsageFault_Handler
 .text.SVC_Handler
                0x08002288        0xe ./Core/Src/stm32l4xx_it.o
                0x08002288                SVC_Handler
 .text.DebugMon_Handler
                0x08002296        0xe ./Core/Src/stm32l4xx_it.o
                0x08002296                DebugMon_Handler
 .text.PendSV_Handler
                0x080022a4        0xe ./Core/Src/stm32l4xx_it.o
                0x080022a4                PendSV_Handler
 .text.SysTick_Handler
                0x080022b2        0xc ./Core/Src/stm32l4xx_it.o
                0x080022b2                SysTick_Handler
 *fill*         0x080022be        0x2 
 .text.USB_IRQHandler
                0x080022c0       0x14 ./Core/Src/stm32l4xx_it.o
                0x080022c0                USB_IRQHandler
 .text._sbrk    0x080022d4       0x6c ./Core/Src/sysmem.o
                0x080022d4                _sbrk
 .text.SystemInit
                0x08002340       0x24 ./Core/Src/system_stm32l4xx.o
                0x08002340                SystemInit
 .text.Reset_Handler
                0x08002364       0x50 ./Core/Startup/startup_stm32l412k8ux.o
                0x08002364                Reset_Handler
 .text.Default_Handler
                0x080023b4        0x2 ./Core/Startup/startup_stm32l412k8ux.o
                0x080023b4                TIM1_BRK_TIM15_IRQHandler
                0x080023b4                EXTI2_IRQHandler
                0x080023b4                TIM1_CC_IRQHandler
                0x080023b4                TSC_IRQHandler
                0x080023b4                TIM6_IRQHandler
                0x080023b4                TAMP_STAMP_IRQHandler
                0x080023b4                EXTI3_IRQHandler
                0x080023b4                LPTIM2_IRQHandler
                0x080023b4                I2C3_ER_IRQHandler
                0x080023b4                EXTI0_IRQHandler
                0x080023b4                I2C2_EV_IRQHandler
                0x080023b4                FPU_IRQHandler
                0x080023b4                TIM1_UP_TIM16_IRQHandler
                0x080023b4                ADC1_2_IRQHandler
                0x080023b4                SPI1_IRQHandler
                0x080023b4                DMA2_Channel2_IRQHandler
                0x080023b4                DMA1_Channel4_IRQHandler
                0x080023b4                USART3_IRQHandler
                0x080023b4                DMA1_Channel7_IRQHandler
                0x080023b4                DMA2_Channel1_IRQHandler
                0x080023b4                QUADSPI_IRQHandler
                0x080023b4                I2C1_EV_IRQHandler
                0x080023b4                DMA1_Channel6_IRQHandler
                0x080023b4                DMA2_Channel4_IRQHandler
                0x080023b4                RCC_IRQHandler
                0x080023b4                TIM1_TRG_COM_IRQHandler
                0x080023b4                DMA1_Channel1_IRQHandler
                0x080023b4                Default_Handler
                0x080023b4                DMA2_Channel7_IRQHandler
                0x080023b4                EXTI15_10_IRQHandler
                0x080023b4                I2C3_EV_IRQHandler
                0x080023b4                EXTI9_5_IRQHandler
                0x080023b4                RTC_WKUP_IRQHandler
                0x080023b4                PVD_PVM_IRQHandler
                0x080023b4                SPI2_IRQHandler
                0x080023b4                DMA2_Channel5_IRQHandler
                0x080023b4                CRS_IRQHandler
                0x080023b4                DMA1_Channel5_IRQHandler
                0x080023b4                EXTI4_IRQHandler
                0x080023b4                RNG_IRQHandler
                0x080023b4                DMA1_Channel3_IRQHandler
                0x080023b4                COMP_IRQHandler
                0x080023b4                WWDG_IRQHandler
                0x080023b4                LPUART1_IRQHandler
                0x080023b4                DMA2_Channel6_IRQHandler
                0x080023b4                TIM2_IRQHandler
                0x080023b4                EXTI1_IRQHandler
                0x080023b4                USART2_IRQHandler
                0x080023b4                I2C2_ER_IRQHandler
                0x080023b4                DMA1_Channel2_IRQHandler
                0x080023b4                FLASH_IRQHandler
                0x080023b4                USART1_IRQHandler
                0x080023b4                I2C1_ER_IRQHandler
                0x080023b4                LPTIM1_IRQHandler
                0x080023b4                DMA2_Channel3_IRQHandler
                0x080023b4                RTC_Alarm_IRQHandler
 *fill*         0x080023b6        0x2 
 .text.OPT3002_Set_I2C
                0x080023b8       0x30 ./Drivers/OPT3002/opt3002.o
                0x080023b8                OPT3002_Set_I2C
 .text.OPT3002_Request_Sensor_Reading
                0x080023e8       0x50 ./Drivers/OPT3002/opt3002.o
                0x080023e8                OPT3002_Request_Sensor_Reading
 .text.OPT3002_Get_Sensor_Reading
                0x08002438       0x6c ./Drivers/OPT3002/opt3002.o
                0x08002438                OPT3002_Get_Sensor_Reading
 .text.OPT3002_Irradiance_To_Lux
                0x080024a4       0x24 ./Drivers/OPT3002/opt3002.o
                0x080024a4                OPT3002_Irradiance_To_Lux
 .text.OPT3002_Set_Config_Register
                0x080024c8       0x40 ./Drivers/OPT3002/opt3002.o
                0x080024c8                OPT3002_Set_Config_Register
 .text.GasIndexAlgorithm_init_with_sampling_interval
                0x08002508       0xc8 ./Drivers/SGP41/sensirion_gas_index_algorithm.o
                0x08002508                GasIndexAlgorithm_init_with_sampling_interval
 .text.GasIndexAlgorithm_init
                0x080025d0       0x1e ./Drivers/SGP41/sensirion_gas_index_algorithm.o
                0x080025d0                GasIndexAlgorithm_init
 .text.GasIndexAlgorithm_reset
                0x080025ee       0x2e ./Drivers/SGP41/sensirion_gas_index_algorithm.o
                0x080025ee                GasIndexAlgorithm_reset
 .text.GasIndexAlgorithm__init_instances
                0x0800261c       0x88 ./Drivers/SGP41/sensirion_gas_index_algorithm.o
 .text.GasIndexAlgorithm_process
                0x080026a4      0x188 ./Drivers/SGP41/sensirion_gas_index_algorithm.o
                0x080026a4                GasIndexAlgorithm_process
 .text.GasIndexAlgorithm__mean_variance_estimator__set_parameters
                0x0800282c      0x15c ./Drivers/SGP41/sensirion_gas_index_algorithm.o
 .text.GasIndexAlgorithm__mean_variance_estimator__get_std
                0x08002988       0x1e ./Drivers/SGP41/sensirion_gas_index_algorithm.o
 .text.GasIndexAlgorithm__mean_variance_estimator__get_mean
                0x080029a6       0x26 ./Drivers/SGP41/sensirion_gas_index_algorithm.o
 .text.GasIndexAlgorithm__mean_variance_estimator__is_initialized
                0x080029cc       0x1a ./Drivers/SGP41/sensirion_gas_index_algorithm.o
 *fill*         0x080029e6        0x2 
 .text.GasIndexAlgorithm__mean_variance_estimator___calculate_gamma
                0x080029e8      0x284 ./Drivers/SGP41/sensirion_gas_index_algorithm.o
 .text.GasIndexAlgorithm__mean_variance_estimator__process
                0x08002c6c      0x1d8 ./Drivers/SGP41/sensirion_gas_index_algorithm.o
 .text.GasIndexAlgorithm__mean_variance_estimator___sigmoid__set_parameters
                0x08002e44       0x28 ./Drivers/SGP41/sensirion_gas_index_algorithm.o
 .text.GasIndexAlgorithm__mean_variance_estimator___sigmoid__process
                0x08002e6c       0x8c ./Drivers/SGP41/sensirion_gas_index_algorithm.o
 .text.GasIndexAlgorithm__mox_model__set_parameters
                0x08002ef8       0x28 ./Drivers/SGP41/sensirion_gas_index_algorithm.o
 .text.GasIndexAlgorithm__mox_model__process
                0x08002f20       0x7c ./Drivers/SGP41/sensirion_gas_index_algorithm.o
 .text.GasIndexAlgorithm__sigmoid_scaled__set_parameters
                0x08002f9c       0x38 ./Drivers/SGP41/sensirion_gas_index_algorithm.o
 .text.GasIndexAlgorithm__sigmoid_scaled__process
                0x08002fd4      0x13c ./Drivers/SGP41/sensirion_gas_index_algorithm.o
 .text.GasIndexAlgorithm__adaptive_lowpass__set_parameters
                0x08003110       0x5c ./Drivers/SGP41/sensirion_gas_index_algorithm.o
 .text.GasIndexAlgorithm__adaptive_lowpass__process
                0x0800316c      0x160 ./Drivers/SGP41/sensirion_gas_index_algorithm.o
 .text.SGP41_Set_I2C
                0x080032cc       0x30 ./Drivers/SGP41/sgp41.o
                0x080032cc                SGP41_Set_I2C
 .text.SGP41_CalcCrc
                0x080032fc       0x68 ./Drivers/SGP41/sgp41.o
                0x080032fc                SGP41_CalcCrc
 .text.SGP41_Execute_Conditioning
                0x08003364       0x38 ./Drivers/SGP41/sgp41.o
                0x08003364                SGP41_Execute_Conditioning
 .text.SGP41_Request_Raw_Data
                0x0800339c       0xd8 ./Drivers/SGP41/sgp41.o
                0x0800339c                SGP41_Request_Raw_Data
 .text.SGP41_Read_Data
                0x08003474       0x70 ./Drivers/SGP41/sgp41.o
                0x08003474                SGP41_Read_Data
 .text.SSD1316_Set_I2C_And_Reset_Ports
                0x080034e4       0x44 ./Drivers/SSD1316/Src/ssd1316_core.o
                0x080034e4                SSD1316_Set_I2C_And_Reset_Ports
 .text._SSD1316_Send_Command
                0x08003528       0xbc ./Drivers/SSD1316/Src/ssd1316_core.o
                0x08003528                _SSD1316_Send_Command
 .text._SSD1316_Write_Byte
                0x080035e4       0x3c ./Drivers/SSD1316/Src/ssd1316_core.o
                0x080035e4                _SSD1316_Write_Byte
 .text.SSD1316_Init
                0x08003620       0x70 ./Drivers/SSD1316/Src/ssd1316_core.o
                0x08003620                SSD1316_Init
 .text.SSD1316_Reset
                0x08003690       0x38 ./Drivers/SSD1316/Src/ssd1316_core.o
                0x08003690                SSD1316_Reset
 .text.SSD1316_Set_Screen_Enable
                0x080036c8       0x2c ./Drivers/SSD1316/Src/ssd1316_core.o
                0x080036c8                SSD1316_Set_Screen_Enable
 .text.SSD1316_Set_Charge_Pump_Enable
                0x080036f4       0x2e ./Drivers/SSD1316/Src/ssd1316_core.o
                0x080036f4                SSD1316_Set_Charge_Pump_Enable
 .text.SSD1316_Set_Screen_Invert
                0x08003722       0x2c ./Drivers/SSD1316/Src/ssd1316_core.o
                0x08003722                SSD1316_Set_Screen_Invert
 .text.SSD1316_Set_Reference_Type
                0x0800374e       0x44 ./Drivers/SSD1316/Src/ssd1316_core.o
                0x0800374e                SSD1316_Set_Reference_Type
 .text.SSD1316_Set_Contrast
                0x08003792       0x24 ./Drivers/SSD1316/Src/ssd1316_core.o
                0x08003792                SSD1316_Set_Contrast
 .text.SSD1316_Set_Page_Address_Mode
                0x080037b6       0x2e ./Drivers/SSD1316/Src/ssd1316_core.o
                0x080037b6                SSD1316_Set_Page_Address_Mode
 .text.SSD1316_Flip_Screen
                0x080037e4       0x2c ./Drivers/SSD1316/Src/ssd1316_core.o
                0x080037e4                SSD1316_Flip_Screen
 .text.SSD1316_Set_Cursor_Position
                0x08003810       0x30 ./Drivers/SSD1316/Src/ssd1316_core.o
                0x08003810                SSD1316_Set_Cursor_Position
 .text.SSD1316_Update_Screen
                0x08003840       0x74 ./Drivers/SSD1316/Src/ssd1316_core.o
                0x08003840                SSD1316_Update_Screen
 .text.SSD1316_Clear_Screen
                0x080038b4       0x12 ./Drivers/SSD1316/Src/ssd1316_core.o
                0x080038b4                SSD1316_Clear_Screen
 *fill*         0x080038c6        0x2 
 .text.SSD1316_Clear_Buffer
                0x080038c8       0x18 ./Drivers/SSD1316/Src/ssd1316_core.o
                0x080038c8                SSD1316_Clear_Buffer
 .text.SSD1316_Write_Character
                0x080038e0      0x1e0 ./Drivers/SSD1316/Src/ssd1316_core.o
                0x080038e0                SSD1316_Write_Character
 .text.SSD1316_Write_Tiny_Digit
                0x08003ac0      0x1e0 ./Drivers/SSD1316/Src/ssd1316_core.o
                0x08003ac0                SSD1316_Write_Tiny_Digit
 .text.SSD1316_Write_Tiny_Number
                0x08003ca0       0xb4 ./Drivers/SSD1316/Src/ssd1316_core.o
                0x08003ca0                SSD1316_Write_Tiny_Number
 .text.SSD1316_Write_Large_Digit
                0x08003d54      0x1ec ./Drivers/SSD1316/Src/ssd1316_core.o
                0x08003d54                SSD1316_Write_Large_Digit
 .text.SSD1316_Write_Large_Number
                0x08003f40       0xb4 ./Drivers/SSD1316/Src/ssd1316_core.o
                0x08003f40                SSD1316_Write_Large_Number
 .text.SSD1316_Write_String
                0x08003ff4       0xb4 ./Drivers/SSD1316/Src/ssd1316_core.o
                0x08003ff4                SSD1316_Write_String
 .text.SSD1316_Write_Image
                0x080040a8      0x124 ./Drivers/SSD1316/Src/ssd1316_core.o
                0x080040a8                SSD1316_Write_Image
 .text.SSD1316_Draw_Point
                0x080041cc       0xa4 ./Drivers/SSD1316/Src/ssd1316_drawing.o
                0x080041cc                SSD1316_Draw_Point
 .text.SSD1316_Draw_Line
                0x08004270      0x2b4 ./Drivers/SSD1316/Src/ssd1316_drawing.o
                0x08004270                SSD1316_Draw_Line
 .text.SSD1316_Draw_Filled_Rectangle
                0x08004524       0x98 ./Drivers/SSD1316/Src/ssd1316_drawing.o
                0x08004524                SSD1316_Draw_Filled_Rectangle
 .text.STCC4_Set_I2C
                0x080045bc       0x30 ./Drivers/STCC4/stcc4.o
                0x080045bc                STCC4_Set_I2C
 .text.STCC4_Request_Measurement
                0x080045ec       0x2c ./Drivers/STCC4/stcc4.o
                0x080045ec                STCC4_Request_Measurement
 .text.STCC4_Read_Measurement
                0x08004618       0xd0 ./Drivers/STCC4/stcc4.o
                0x08004618                STCC4_Read_Measurement
 .text.STCC4_Set_Enabled
                0x080046e8       0x50 ./Drivers/STCC4/stcc4.o
                0x080046e8                STCC4_Set_Enabled
 .text.STCC4_Perform_Conditioning
                0x08004738       0x2c ./Drivers/STCC4/stcc4.o
                0x08004738                STCC4_Perform_Conditioning
 .text.HAL_Init
                0x08004764       0x30 ./Drivers/STM32L4xx_HAL_Driver/Src/stm32l4xx_hal.o
                0x08004764                HAL_Init
 .text.HAL_InitTick
                0x08004794       0x78 ./Drivers/STM32L4xx_HAL_Driver/Src/stm32l4xx_hal.o
                0x08004794                HAL_InitTick
 .text.HAL_IncTick
                0x0800480c       0x28 ./Drivers/STM32L4xx_HAL_Driver/Src/stm32l4xx_hal.o
                0x0800480c                HAL_IncTick
 .text.HAL_GetTick
                0x08004834       0x18 ./Drivers/STM32L4xx_HAL_Driver/Src/stm32l4xx_hal.o
                0x08004834                HAL_GetTick
 .text.HAL_Delay
                0x0800484c       0x48 ./Drivers/STM32L4xx_HAL_Driver/Src/stm32l4xx_hal.o
                0x0800484c                HAL_Delay
 .text.LL_ADC_SetCommonClock
                0x08004894       0x26 ./Drivers/STM32L4xx_HAL_Driver/Src/stm32l4xx_hal_adc.o
 .text.LL_ADC_SetCommonPathInternalCh
                0x080048ba       0x26 ./Drivers/STM32L4xx_HAL_Driver/Src/stm32l4xx_hal_adc.o
 .text.LL_ADC_GetCommonPathInternalCh
                0x080048e0       0x1c ./Drivers/STM32L4xx_HAL_Driver/Src/stm32l4xx_hal_adc.o
 .text.LL_ADC_SetOffset
                0x080048fc       0x48 ./Drivers/STM32L4xx_HAL_Driver/Src/stm32l4xx_hal_adc.o
 .text.LL_ADC_GetOffsetChannel
                0x08004944       0x2c ./Drivers/STM32L4xx_HAL_Driver/Src/stm32l4xx_hal_adc.o
 .text.LL_ADC_SetOffsetState
                0x08004970       0x36 ./Drivers/STM32L4xx_HAL_Driver/Src/stm32l4xx_hal_adc.o
 .text.LL_ADC_SetSamplingTimeCommonConfig
                0x080049a6       0x26 ./Drivers/STM32L4xx_HAL_Driver/Src/stm32l4xx_hal_adc.o
 .text.LL_ADC_REG_SetSequencerRanks
                0x080049cc       0x58 ./Drivers/STM32L4xx_HAL_Driver/Src/stm32l4xx_hal_adc.o
 .text.LL_ADC_SetChannelSamplingTime
                0x08004a24       0x56 ./Drivers/STM32L4xx_HAL_Driver/Src/stm32l4xx_hal_adc.o
 *fill*         0x08004a7a        0x2 
 .text.LL_ADC_SetChannelSingleDiff
                0x08004a7c       0x48 ./Drivers/STM32L4xx_HAL_Driver/Src/stm32l4xx_hal_adc.o
 .text.LL_ADC_GetMultimode
                0x08004ac4       0x1c ./Drivers/STM32L4xx_HAL_Driver/Src/stm32l4xx_hal_adc.o
 .text.LL_ADC_DisableDeepPowerDown
                0x08004ae0       0x24 ./Drivers/STM32L4xx_HAL_Driver/Src/stm32l4xx_hal_adc.o
 .text.LL_ADC_IsDeepPowerDownEnabled
                0x08004b04       0x28 ./Drivers/STM32L4xx_HAL_Driver/Src/stm32l4xx_hal_adc.o
 .text.LL_ADC_EnableInternalRegulator
                0x08004b2c       0x28 ./Drivers/STM32L4xx_HAL_Driver/Src/stm32l4xx_hal_adc.o
 .text.LL_ADC_IsInternalRegulatorEnabled
                0x08004b54       0x28 ./Drivers/STM32L4xx_HAL_Driver/Src/stm32l4xx_hal_adc.o
 .text.LL_ADC_Enable
                0x08004b7c       0x28 ./Drivers/STM32L4xx_HAL_Driver/Src/stm32l4xx_hal_adc.o
 .text.LL_ADC_Disable
                0x08004ba4       0x28 ./Drivers/STM32L4xx_HAL_Driver/Src/stm32l4xx_hal_adc.o
 .text.LL_ADC_IsEnabled
                0x08004bcc       0x26 ./Drivers/STM32L4xx_HAL_Driver/Src/stm32l4xx_hal_adc.o
 .text.LL_ADC_IsDisableOngoing
                0x08004bf2       0x26 ./Drivers/STM32L4xx_HAL_Driver/Src/stm32l4xx_hal_adc.o
 .text.LL_ADC_REG_StartConversion
                0x08004c18       0x28 ./Drivers/STM32L4xx_HAL_Driver/Src/stm32l4xx_hal_adc.o
 .text.LL_ADC_REG_StopConversion
                0x08004c40       0x28 ./Drivers/STM32L4xx_HAL_Driver/Src/stm32l4xx_hal_adc.o
 .text.LL_ADC_REG_IsConversionOngoing
                0x08004c68       0x26 ./Drivers/STM32L4xx_HAL_Driver/Src/stm32l4xx_hal_adc.o
 .text.LL_ADC_INJ_StopConversion
                0x08004c8e       0x28 ./Drivers/STM32L4xx_HAL_Driver/Src/stm32l4xx_hal_adc.o
 .text.LL_ADC_INJ_IsConversionOngoing
                0x08004cb6       0x26 ./Drivers/STM32L4xx_HAL_Driver/Src/stm32l4xx_hal_adc.o
 .text.HAL_ADC_Init
                0x08004cdc      0x294 ./Drivers/STM32L4xx_HAL_Driver/Src/stm32l4xx_hal_adc.o
                0x08004cdc                HAL_ADC_Init
 .text.HAL_ADC_Start
                0x08004f70      0x174 ./Drivers/STM32L4xx_HAL_Driver/Src/stm32l4xx_hal_adc.o
                0x08004f70                HAL_ADC_Start
 .text.HAL_ADC_Stop
                0x080050e4       0x66 ./Drivers/STM32L4xx_HAL_Driver/Src/stm32l4xx_hal_adc.o
                0x080050e4                HAL_ADC_Stop
 .text.HAL_ADC_GetValue
                0x0800514a       0x1a ./Drivers/STM32L4xx_HAL_Driver/Src/stm32l4xx_hal_adc.o
                0x0800514a                HAL_ADC_GetValue
 .text.HAL_ADC_ConfigChannel
                0x08005164      0x7f8 ./Drivers/STM32L4xx_HAL_Driver/Src/stm32l4xx_hal_adc.o
                0x08005164                HAL_ADC_ConfigChannel
 .text.ADC_ConversionStop
                0x0800595c      0x178 ./Drivers/STM32L4xx_HAL_Driver/Src/stm32l4xx_hal_adc.o
                0x0800595c                ADC_ConversionStop
 .text.ADC_Enable
                0x08005ad4      0x10c ./Drivers/STM32L4xx_HAL_Driver/Src/stm32l4xx_hal_adc.o
                0x08005ad4                ADC_Enable
 .text.ADC_Disable
                0x08005be0       0xbe ./Drivers/STM32L4xx_HAL_Driver/Src/stm32l4xx_hal_adc.o
                0x08005be0                ADC_Disable
 .text.LL_ADC_IsEnabled
                0x08005c9e       0x26 ./Drivers/STM32L4xx_HAL_Driver/Src/stm32l4xx_hal_adc_ex.o
 .text.LL_ADC_StartCalibration
                0x08005cc4       0x32 ./Drivers/STM32L4xx_HAL_Driver/Src/stm32l4xx_hal_adc_ex.o
 .text.LL_ADC_IsCalibrationOnGoing
                0x08005cf6       0x28 ./Drivers/STM32L4xx_HAL_Driver/Src/stm32l4xx_hal_adc_ex.o
 .text.LL_ADC_REG_IsConversionOngoing
                0x08005d1e       0x26 ./Drivers/STM32L4xx_HAL_Driver/Src/stm32l4xx_hal_adc_ex.o
 .text.HAL_ADCEx_Calibration_Start
                0x08005d44       0xc0 ./Drivers/STM32L4xx_HAL_Driver/Src/stm32l4xx_hal_adc_ex.o
                0x08005d44                HAL_ADCEx_Calibration_Start
 .text.HAL_ADCEx_MultiModeConfigChannel
                0x08005e04      0x148 ./Drivers/STM32L4xx_HAL_Driver/Src/stm32l4xx_hal_adc_ex.o
                0x08005e04                HAL_ADCEx_MultiModeConfigChannel
 .text.__NVIC_SetPriorityGrouping
                0x08005f4c       0x48 ./Drivers/STM32L4xx_HAL_Driver/Src/stm32l4xx_hal_cortex.o
 .text.__NVIC_GetPriorityGrouping
                0x08005f94       0x1c ./Drivers/STM32L4xx_HAL_Driver/Src/stm32l4xx_hal_cortex.o
 .text.__NVIC_EnableIRQ
                0x08005fb0       0x3c ./Drivers/STM32L4xx_HAL_Driver/Src/stm32l4xx_hal_cortex.o
 .text.__NVIC_SetPriority
                0x08005fec       0x54 ./Drivers/STM32L4xx_HAL_Driver/Src/stm32l4xx_hal_cortex.o
 .text.NVIC_EncodePriority
                0x08006040       0x66 ./Drivers/STM32L4xx_HAL_Driver/Src/stm32l4xx_hal_cortex.o
 *fill*         0x080060a6        0x2 
 .text.SysTick_Config
                0x080060a8       0x44 ./Drivers/STM32L4xx_HAL_Driver/Src/stm32l4xx_hal_cortex.o
 .text.HAL_NVIC_SetPriorityGrouping
                0x080060ec       0x16 ./Drivers/STM32L4xx_HAL_Driver/Src/stm32l4xx_hal_cortex.o
                0x080060ec                HAL_NVIC_SetPriorityGrouping
 .text.HAL_NVIC_SetPriority
                0x08006102       0x38 ./Drivers/STM32L4xx_HAL_Driver/Src/stm32l4xx_hal_cortex.o
                0x08006102                HAL_NVIC_SetPriority
 .text.HAL_NVIC_EnableIRQ
                0x0800613a       0x1c ./Drivers/STM32L4xx_HAL_Driver/Src/stm32l4xx_hal_cortex.o
                0x0800613a                HAL_NVIC_EnableIRQ
 .text.HAL_SYSTICK_Config
                0x08006156       0x18 ./Drivers/STM32L4xx_HAL_Driver/Src/stm32l4xx_hal_cortex.o
                0x08006156                HAL_SYSTICK_Config
 *fill*         0x0800616e        0x2 
 .text.HAL_GPIO_Init
                0x08006170      0x2e4 ./Drivers/STM32L4xx_HAL_Driver/Src/stm32l4xx_hal_gpio.o
                0x08006170                HAL_GPIO_Init
 .text.HAL_GPIO_ReadPin
                0x08006454       0x30 ./Drivers/STM32L4xx_HAL_Driver/Src/stm32l4xx_hal_gpio.o
                0x08006454                HAL_GPIO_ReadPin
 .text.HAL_GPIO_WritePin
                0x08006484       0x30 ./Drivers/STM32L4xx_HAL_Driver/Src/stm32l4xx_hal_gpio.o
                0x08006484                HAL_GPIO_WritePin
 .text.HAL_I2C_Init
                0x080064b4      0x136 ./Drivers/STM32L4xx_HAL_Driver/Src/stm32l4xx_hal_i2c.o
                0x080064b4                HAL_I2C_Init
 *fill*         0x080065ea        0x2 
 .text.HAL_I2C_Master_Transmit
                0x080065ec      0x230 ./Drivers/STM32L4xx_HAL_Driver/Src/stm32l4xx_hal_i2c.o
                0x080065ec                HAL_I2C_Master_Transmit
 .text.HAL_I2C_Master_Receive
                0x0800681c      0x1ec ./Drivers/STM32L4xx_HAL_Driver/Src/stm32l4xx_hal_i2c.o
                0x0800681c                HAL_I2C_Master_Receive
 .text.I2C_Flush_TXDR
                0x08006a08       0x48 ./Drivers/STM32L4xx_HAL_Driver/Src/stm32l4xx_hal_i2c.o
 .text.I2C_WaitOnFlagUntilTimeout
                0x08006a50       0xb2 ./Drivers/STM32L4xx_HAL_Driver/Src/stm32l4xx_hal_i2c.o
 .text.I2C_WaitOnTXISFlagUntilTimeout
                0x08006b02       0x8e ./Drivers/STM32L4xx_HAL_Driver/Src/stm32l4xx_hal_i2c.o
 .text.I2C_WaitOnSTOPFlagUntilTimeout
                0x08006b90       0x86 ./Drivers/STM32L4xx_HAL_Driver/Src/stm32l4xx_hal_i2c.o
 *fill*         0x08006c16        0x2 
 .text.I2C_WaitOnRXNEFlagUntilTimeout
                0x08006c18      0x118 ./Drivers/STM32L4xx_HAL_Driver/Src/stm32l4xx_hal_i2c.o
 .text.I2C_IsErrorOccurred
                0x08006d30      0x1c0 ./Drivers/STM32L4xx_HAL_Driver/Src/stm32l4xx_hal_i2c.o
 .text.I2C_TransferConfig
                0x08006ef0       0x64 ./Drivers/STM32L4xx_HAL_Driver/Src/stm32l4xx_hal_i2c.o
 .text.HAL_I2CEx_ConfigAnalogFilter
                0x08006f54       0x96 ./Drivers/STM32L4xx_HAL_Driver/Src/stm32l4xx_hal_i2c_ex.o
                0x08006f54                HAL_I2CEx_ConfigAnalogFilter
 .text.HAL_I2CEx_ConfigDigitalFilter
                0x08006fea       0x98 ./Drivers/STM32L4xx_HAL_Driver/Src/stm32l4xx_hal_i2c_ex.o
                0x08006fea                HAL_I2CEx_ConfigDigitalFilter
 .text.HAL_PCD_Init
                0x08007082      0x1fa ./Drivers/STM32L4xx_HAL_Driver/Src/stm32l4xx_hal_pcd.o
                0x08007082                HAL_PCD_Init
 .text.HAL_PCD_Start
                0x0800727c       0x44 ./Drivers/STM32L4xx_HAL_Driver/Src/stm32l4xx_hal_pcd.o
                0x0800727c                HAL_PCD_Start
 .text.HAL_PCD_IRQHandler
                0x080072c0      0x24e ./Drivers/STM32L4xx_HAL_Driver/Src/stm32l4xx_hal_pcd.o
                0x080072c0                HAL_PCD_IRQHandler
 .text.HAL_PCD_SetAddress
                0x0800750e       0x48 ./Drivers/STM32L4xx_HAL_Driver/Src/stm32l4xx_hal_pcd.o
                0x0800750e                HAL_PCD_SetAddress
 .text.HAL_PCD_EP_Open
                0x08007556       0xbe ./Drivers/STM32L4xx_HAL_Driver/Src/stm32l4xx_hal_pcd.o
                0x08007556                HAL_PCD_EP_Open
 .text.HAL_PCD_EP_Close
                0x08007614       0x90 ./Drivers/STM32L4xx_HAL_Driver/Src/stm32l4xx_hal_pcd.o
                0x08007614                HAL_PCD_EP_Close
 .text.HAL_PCD_EP_Receive
                0x080076a4       0x62 ./Drivers/STM32L4xx_HAL_Driver/Src/stm32l4xx_hal_pcd.o
                0x080076a4                HAL_PCD_EP_Receive
 .text.HAL_PCD_EP_GetRxCount
                0x08007706       0x30 ./Drivers/STM32L4xx_HAL_Driver/Src/stm32l4xx_hal_pcd.o
                0x08007706                HAL_PCD_EP_GetRxCount
 .text.HAL_PCD_EP_Transmit
                0x08007736       0x6e ./Drivers/STM32L4xx_HAL_Driver/Src/stm32l4xx_hal_pcd.o
                0x08007736                HAL_PCD_EP_Transmit
 .text.HAL_PCD_EP_SetStall
                0x080077a4       0xc0 ./Drivers/STM32L4xx_HAL_Driver/Src/stm32l4xx_hal_pcd.o
                0x080077a4                HAL_PCD_EP_SetStall
 .text.HAL_PCD_EP_ClrStall
                0x08007864       0xa8 ./Drivers/STM32L4xx_HAL_Driver/Src/stm32l4xx_hal_pcd.o
                0x08007864                HAL_PCD_EP_ClrStall
 .text.PCD_EP_ISR_Handler
                0x0800790c      0x710 ./Drivers/STM32L4xx_HAL_Driver/Src/stm32l4xx_hal_pcd.o
 .text.HAL_PCD_EP_DB_Receive
                0x0800801c      0x212 ./Drivers/STM32L4xx_HAL_Driver/Src/stm32l4xx_hal_pcd.o
 .text.HAL_PCD_EP_DB_Transmit
                0x0800822e      0x878 ./Drivers/STM32L4xx_HAL_Driver/Src/stm32l4xx_hal_pcd.o
 .text.HAL_PCDEx_PMAConfig
                0x08008aa6       0x86 ./Drivers/STM32L4xx_HAL_Driver/Src/stm32l4xx_hal_pcd_ex.o
                0x08008aa6                HAL_PCDEx_PMAConfig
 .text.HAL_PCDEx_ActivateLPM
                0x08008b2c       0x54 ./Drivers/STM32L4xx_HAL_Driver/Src/stm32l4xx_hal_pcd_ex.o
                0x08008b2c                HAL_PCDEx_ActivateLPM
 .text.HAL_PWREx_GetVoltageRange
                0x08008b80       0x1c ./Drivers/STM32L4xx_HAL_Driver/Src/stm32l4xx_hal_pwr_ex.o
                0x08008b80                HAL_PWREx_GetVoltageRange
 .text.HAL_PWREx_ControlVoltageScaling
                0x08008b9c       0xac ./Drivers/STM32L4xx_HAL_Driver/Src/stm32l4xx_hal_pwr_ex.o
                0x08008b9c                HAL_PWREx_ControlVoltageScaling
 .text.HAL_PWREx_EnableVddUSB
                0x08008c48       0x20 ./Drivers/STM32L4xx_HAL_Driver/Src/stm32l4xx_hal_pwr_ex.o
                0x08008c48                HAL_PWREx_EnableVddUSB
 .text.HAL_RCC_OscConfig
                0x08008c68      0x8c4 ./Drivers/STM32L4xx_HAL_Driver/Src/stm32l4xx_hal_rcc.o
                0x08008c68                HAL_RCC_OscConfig
 .text.HAL_RCC_ClockConfig
                0x0800952c      0x200 ./Drivers/STM32L4xx_HAL_Driver/Src/stm32l4xx_hal_rcc.o
                0x0800952c                HAL_RCC_ClockConfig
 .text.HAL_RCC_GetSysClockFreq
                0x0800972c      0x118 ./Drivers/STM32L4xx_HAL_Driver/Src/stm32l4xx_hal_rcc.o
                0x0800972c                HAL_RCC_GetSysClockFreq
 .text.RCC_SetFlashLatencyFromMSIRange
                0x08009844       0xc0 ./Drivers/STM32L4xx_HAL_Driver/Src/stm32l4xx_hal_rcc.o
 .text.HAL_RCCEx_PeriphCLKConfig
                0x08009904      0x30c ./Drivers/STM32L4xx_HAL_Driver/Src/stm32l4xx_hal_rcc_ex.o
                0x08009904                HAL_RCCEx_PeriphCLKConfig
 .text.USB_CoreInit
                0x08009c10       0x1c ./Drivers/STM32L4xx_HAL_Driver/Src/stm32l4xx_ll_usb.o
                0x08009c10                USB_CoreInit
 .text.USB_EnableGlobalInt
                0x08009c2c       0x2e ./Drivers/STM32L4xx_HAL_Driver/Src/stm32l4xx_ll_usb.o
                0x08009c2c                USB_EnableGlobalInt
 .text.USB_DisableGlobalInt
                0x08009c5a       0x36 ./Drivers/STM32L4xx_HAL_Driver/Src/stm32l4xx_ll_usb.o
                0x08009c5a                USB_DisableGlobalInt
 .text.USB_SetCurrentMode
                0x08009c90       0x1a ./Drivers/STM32L4xx_HAL_Driver/Src/stm32l4xx_ll_usb.o
                0x08009c90                USB_SetCurrentMode
 .text.USB_DevInit
                0x08009caa       0x3c ./Drivers/STM32L4xx_HAL_Driver/Src/stm32l4xx_ll_usb.o
                0x08009caa                USB_DevInit
 *fill*         0x08009ce6        0x2 
 .text.USB_ActivateEndpoint
                0x08009ce8      0x9d0 ./Drivers/STM32L4xx_HAL_Driver/Src/stm32l4xx_ll_usb.o
                0x08009ce8                USB_ActivateEndpoint
 .text.USB_DeactivateEndpoint
                0x0800a6b8      0x3da ./Drivers/STM32L4xx_HAL_Driver/Src/stm32l4xx_ll_usb.o
                0x0800a6b8                USB_DeactivateEndpoint
 .text.USB_EPStartXfer
                0x0800aa92      0xb5e ./Drivers/STM32L4xx_HAL_Driver/Src/stm32l4xx_ll_usb.o
                0x0800aa92                USB_EPStartXfer
 .text.USB_EPSetStall
                0x0800b5f0       0xa2 ./Drivers/STM32L4xx_HAL_Driver/Src/stm32l4xx_ll_usb.o
                0x0800b5f0                USB_EPSetStall
 .text.USB_EPClearStall
                0x0800b692      0x152 ./Drivers/STM32L4xx_HAL_Driver/Src/stm32l4xx_ll_usb.o
                0x0800b692                USB_EPClearStall
 .text.USB_SetDevAddress
                0x0800b7e4       0x28 ./Drivers/STM32L4xx_HAL_Driver/Src/stm32l4xx_ll_usb.o
                0x0800b7e4                USB_SetDevAddress
 .text.USB_DevConnect
                0x0800b80c       0x2e ./Drivers/STM32L4xx_HAL_Driver/Src/stm32l4xx_ll_usb.o
                0x0800b80c                USB_DevConnect
 .text.USB_DevDisconnect
                0x0800b83a       0x2a ./Drivers/STM32L4xx_HAL_Driver/Src/stm32l4xx_ll_usb.o
                0x0800b83a                USB_DevDisconnect
 .text.USB_ReadInterrupts
                0x0800b864       0x20 ./Drivers/STM32L4xx_HAL_Driver/Src/stm32l4xx_ll_usb.o
                0x0800b864                USB_ReadInterrupts
 .text.USB_EP0_OutStart
                0x0800b884       0x18 ./Drivers/STM32L4xx_HAL_Driver/Src/stm32l4xx_ll_usb.o
                0x0800b884                USB_EP0_OutStart
 .text.USB_WritePMA
                0x0800b89c       0x86 ./Drivers/STM32L4xx_HAL_Driver/Src/stm32l4xx_ll_usb.o
                0x0800b89c                USB_WritePMA
 .text.USB_ReadPMA
                0x0800b922       0x98 ./Drivers/STM32L4xx_HAL_Driver/Src/stm32l4xx_ll_usb.o
                0x0800b922                USB_ReadPMA
 *fill*         0x0800b9ba        0x2 
 .text.USBD_CDC_Init
                0x0800b9bc      0x1f0 ./Middlewares/ST/STM32_USB_Device_Library/Class/CDC/Src/usbd_cdc.o
 .text.USBD_CDC_DeInit
                0x0800bbac      0x104 ./Middlewares/ST/STM32_USB_Device_Library/Class/CDC/Src/usbd_cdc.o
 .text.USBD_CDC_Setup
                0x0800bcb0      0x1b8 ./Middlewares/ST/STM32_USB_Device_Library/Class/CDC/Src/usbd_cdc.o
 .text.USBD_CDC_DataIn
                0x0800be68       0xfe ./Middlewares/ST/STM32_USB_Device_Library/Class/CDC/Src/usbd_cdc.o
 .text.USBD_CDC_DataOut
                0x0800bf66       0x70 ./Middlewares/ST/STM32_USB_Device_Library/Class/CDC/Src/usbd_cdc.o
 .text.USBD_CDC_EP0_RxReady
                0x0800bfd6       0x74 ./Middlewares/ST/STM32_USB_Device_Library/Class/CDC/Src/usbd_cdc.o
 *fill*         0x0800c04a        0x2 
 .text.USBD_CDC_GetFSCfgDesc
                0x0800c04c       0x70 ./Middlewares/ST/STM32_USB_Device_Library/Class/CDC/Src/usbd_cdc.o
 .text.USBD_CDC_GetHSCfgDesc
                0x0800c0bc       0x70 ./Middlewares/ST/STM32_USB_Device_Library/Class/CDC/Src/usbd_cdc.o
 .text.USBD_CDC_GetOtherSpeedCfgDesc
                0x0800c12c       0x70 ./Middlewares/ST/STM32_USB_Device_Library/Class/CDC/Src/usbd_cdc.o
 .text.USBD_CDC_GetDeviceQualifierDescriptor
                0x0800c19c       0x20 ./Middlewares/ST/STM32_USB_Device_Library/Class/CDC/Src/usbd_cdc.o
                0x0800c19c                USBD_CDC_GetDeviceQualifierDescriptor
 .text.USBD_CDC_RegisterInterface
                0x0800c1bc       0x34 ./Middlewares/ST/STM32_USB_Device_Library/Class/CDC/Src/usbd_cdc.o
                0x0800c1bc                USBD_CDC_RegisterInterface
 .text.USBD_CDC_SetTxBuffer
                0x0800c1f0       0x44 ./Middlewares/ST/STM32_USB_Device_Library/Class/CDC/Src/usbd_cdc.o
                0x0800c1f0                USBD_CDC_SetTxBuffer
 .text.USBD_CDC_SetRxBuffer
                0x0800c234       0x3a ./Middlewares/ST/STM32_USB_Device_Library/Class/CDC/Src/usbd_cdc.o
                0x0800c234                USBD_CDC_SetRxBuffer
 *fill*         0x0800c26e        0x2 
 .text.USBD_CDC_ReceivePacket
                0x0800c270       0x6c ./Middlewares/ST/STM32_USB_Device_Library/Class/CDC/Src/usbd_cdc.o
                0x0800c270                USBD_CDC_ReceivePacket
 .text.USBD_Init
                0x0800c2dc       0x60 ./Middlewares/ST/STM32_USB_Device_Library/Core/Src/usbd_core.o
                0x0800c2dc                USBD_Init
 .text.USBD_RegisterClass
                0x0800c33c       0x6c ./Middlewares/ST/STM32_USB_Device_Library/Core/Src/usbd_core.o
                0x0800c33c                USBD_RegisterClass
 .text.USBD_Start
                0x0800c3a8       0x18 ./Middlewares/ST/STM32_USB_Device_Library/Core/Src/usbd_core.o
                0x0800c3a8                USBD_Start
 .text.USBD_RunTestMode
                0x0800c3c0       0x16 ./Middlewares/ST/STM32_USB_Device_Library/Core/Src/usbd_core.o
                0x0800c3c0                USBD_RunTestMode
 .text.USBD_SetClassConfig
                0x0800c3d6       0x38 ./Middlewares/ST/STM32_USB_Device_Library/Core/Src/usbd_core.o
                0x0800c3d6                USBD_SetClassConfig
 .text.USBD_ClrClassConfig
                0x0800c40e       0x34 ./Middlewares/ST/STM32_USB_Device_Library/Core/Src/usbd_core.o
                0x0800c40e                USBD_ClrClassConfig
 .text.USBD_LL_SetupStage
                0x0800c442       0xaa ./Middlewares/ST/STM32_USB_Device_Library/Core/Src/usbd_core.o
                0x0800c442                USBD_LL_SetupStage
 .text.USBD_LL_DataOutStage
                0x0800c4ec      0x178 ./Middlewares/ST/STM32_USB_Device_Library/Core/Src/usbd_core.o
                0x0800c4ec                USBD_LL_DataOutStage
 .text.USBD_LL_DataInStage
                0x0800c664      0x176 ./Middlewares/ST/STM32_USB_Device_Library/Core/Src/usbd_core.o
                0x0800c664                USBD_LL_DataInStage
 .text.USBD_LL_Reset
                0x0800c7da       0xa6 ./Middlewares/ST/STM32_USB_Device_Library/Core/Src/usbd_core.o
                0x0800c7da                USBD_LL_Reset
 .text.USBD_LL_SetSpeed
                0x0800c880       0x20 ./Middlewares/ST/STM32_USB_Device_Library/Core/Src/usbd_core.o
                0x0800c880                USBD_LL_SetSpeed
 .text.USBD_LL_Suspend
                0x0800c8a0       0x38 ./Middlewares/ST/STM32_USB_Device_Library/Core/Src/usbd_core.o
                0x0800c8a0                USBD_LL_Suspend
 .text.USBD_LL_Resume
                0x0800c8d8       0x30 ./Middlewares/ST/STM32_USB_Device_Library/Core/Src/usbd_core.o
                0x0800c8d8                USBD_LL_Resume
 .text.USBD_LL_SOF
                0x0800c908       0x40 ./Middlewares/ST/STM32_USB_Device_Library/Core/Src/usbd_core.o
                0x0800c908                USBD_LL_SOF
 .text.USBD_CoreFindIF
                0x0800c948       0x1a ./Middlewares/ST/STM32_USB_Device_Library/Core/Src/usbd_core.o
                0x0800c948                USBD_CoreFindIF
 .text.USBD_CoreFindEP
                0x0800c962       0x1a ./Middlewares/ST/STM32_USB_Device_Library/Core/Src/usbd_core.o
                0x0800c962                USBD_CoreFindEP
 .text.USBD_GetEpDesc
                0x0800c97c       0x70 ./Middlewares/ST/STM32_USB_Device_Library/Core/Src/usbd_core.o
                0x0800c97c                USBD_GetEpDesc
 .text.USBD_GetNextDesc
                0x0800c9ec       0x38 ./Middlewares/ST/STM32_USB_Device_Library/Core/Src/usbd_core.o
                0x0800c9ec                USBD_GetNextDesc
 .text.SWAPBYTE
                0x0800ca24       0x3e ./Middlewares/ST/STM32_USB_Device_Library/Core/Src/usbd_ctlreq.o
 *fill*         0x0800ca62        0x2 
 .text.USBD_StdDevReq
                0x0800ca64       0xe4 ./Middlewares/ST/STM32_USB_Device_Library/Core/Src/usbd_ctlreq.o
                0x0800ca64                USBD_StdDevReq
 .text.USBD_StdItfReq
                0x0800cb48       0xd8 ./Middlewares/ST/STM32_USB_Device_Library/Core/Src/usbd_ctlreq.o
                0x0800cb48                USBD_StdItfReq
 .text.USBD_StdEPReq
                0x0800cc20      0x33e ./Middlewares/ST/STM32_USB_Device_Library/Core/Src/usbd_ctlreq.o
                0x0800cc20                USBD_StdEPReq
 *fill*         0x0800cf5e        0x2 
 .text.USBD_GetDescriptor
                0x0800cf60      0x328 ./Middlewares/ST/STM32_USB_Device_Library/Core/Src/usbd_ctlreq.o
 .text.USBD_SetAddress
                0x0800d288       0x88 ./Middlewares/ST/STM32_USB_Device_Library/Core/Src/usbd_ctlreq.o
 .text.USBD_SetConfig
                0x0800d310      0x154 ./Middlewares/ST/STM32_USB_Device_Library/Core/Src/usbd_ctlreq.o
 .text.USBD_GetConfig
                0x0800d464       0x6c ./Middlewares/ST/STM32_USB_Device_Library/Core/Src/usbd_ctlreq.o
 .text.USBD_GetStatus
                0x0800d4d0       0x68 ./Middlewares/ST/STM32_USB_Device_Library/Core/Src/usbd_ctlreq.o
 .text.USBD_SetFeature
                0x0800d538       0x52 ./Middlewares/ST/STM32_USB_Device_Library/Core/Src/usbd_ctlreq.o
 .text.USBD_ClrFeature
                0x0800d58a       0x44 ./Middlewares/ST/STM32_USB_Device_Library/Core/Src/usbd_ctlreq.o
 .text.USBD_ParseSetupRequest
                0x0800d5ce       0x74 ./Middlewares/ST/STM32_USB_Device_Library/Core/Src/usbd_ctlreq.o
                0x0800d5ce                USBD_ParseSetupRequest
 .text.USBD_CtlError
                0x0800d642       0x22 ./Middlewares/ST/STM32_USB_Device_Library/Core/Src/usbd_ctlreq.o
                0x0800d642                USBD_CtlError
 .text.USBD_GetString
                0x0800d664       0xa4 ./Middlewares/ST/STM32_USB_Device_Library/Core/Src/usbd_ctlreq.o
                0x0800d664                USBD_GetString
 .text.USBD_GetLen
                0x0800d708       0x34 ./Middlewares/ST/STM32_USB_Device_Library/Core/Src/usbd_ctlreq.o
 .text.USBD_CtlSendData
                0x0800d73c       0x3c ./Middlewares/ST/STM32_USB_Device_Library/Core/Src/usbd_ioreq.o
                0x0800d73c                USBD_CtlSendData
 .text.USBD_CtlContinueSendData
                0x0800d778       0x22 ./Middlewares/ST/STM32_USB_Device_Library/Core/Src/usbd_ioreq.o
                0x0800d778                USBD_CtlContinueSendData
 .text.USBD_CtlPrepareRx
                0x0800d79a       0x42 ./Middlewares/ST/STM32_USB_Device_Library/Core/Src/usbd_ioreq.o
                0x0800d79a                USBD_CtlPrepareRx
 .text.USBD_CtlContinueRx
                0x0800d7dc       0x22 ./Middlewares/ST/STM32_USB_Device_Library/Core/Src/usbd_ioreq.o
                0x0800d7dc                USBD_CtlContinueRx
 .text.USBD_CtlSendStatus
                0x0800d7fe       0x26 ./Middlewares/ST/STM32_USB_Device_Library/Core/Src/usbd_ioreq.o
                0x0800d7fe                USBD_CtlSendStatus
 .text.USBD_CtlReceiveStatus
                0x0800d824       0x26 ./Middlewares/ST/STM32_USB_Device_Library/Core/Src/usbd_ioreq.o
                0x0800d824                USBD_CtlReceiveStatus
 *fill*         0x0800d84a        0x2 
 .text.MX_USB_DEVICE_Init
                0x0800d84c       0x60 ./USB_DEVICE/App/usb_device.o
                0x0800d84c                MX_USB_DEVICE_Init
 .text.CDC_Init_FS
                0x0800d8ac       0x28 ./USB_DEVICE/App/usbd_cdc_if.o
 .text.CDC_DeInit_FS
                0x0800d8d4       0x10 ./USB_DEVICE/App/usbd_cdc_if.o
 .text.CDC_Control_FS
                0x0800d8e4       0xe4 ./USB_DEVICE/App/usbd_cdc_if.o
 .text.CDC_Receive_FS
                0x0800d9c8       0x28 ./USB_DEVICE/App/usbd_cdc_if.o
 .text.CDC_TransmitCplt_FS
                0x0800d9f0       0x22 ./USB_DEVICE/App/usbd_cdc_if.o
 *fill*         0x0800da12        0x2 
 .text.USBD_FS_DeviceDescriptor
                0x0800da14       0x24 ./USB_DEVICE/App/usbd_desc.o
                0x0800da14                USBD_FS_DeviceDescriptor
 .text.USBD_FS_LangIDStrDescriptor
                0x0800da38       0x24 ./USB_DEVICE/App/usbd_desc.o
                0x0800da38                USBD_FS_LangIDStrDescriptor
 .text.USBD_FS_ProductStrDescriptor
                0x0800da5c       0x3c ./USB_DEVICE/App/usbd_desc.o
                0x0800da5c                USBD_FS_ProductStrDescriptor
 .text.USBD_FS_ManufacturerStrDescriptor
                0x0800da98       0x28 ./USB_DEVICE/App/usbd_desc.o
                0x0800da98                USBD_FS_ManufacturerStrDescriptor
 .text.USBD_FS_SerialStrDescriptor
                0x0800dac0       0x24 ./USB_DEVICE/App/usbd_desc.o
                0x0800dac0                USBD_FS_SerialStrDescriptor
 .text.USBD_FS_ConfigStrDescriptor
                0x0800dae4       0x3c ./USB_DEVICE/App/usbd_desc.o
                0x0800dae4                USBD_FS_ConfigStrDescriptor
 .text.USBD_FS_InterfaceStrDescriptor
                0x0800db20       0x3c ./USB_DEVICE/App/usbd_desc.o
                0x0800db20                USBD_FS_InterfaceStrDescriptor
 .text.USBD_FS_USR_BOSDescriptor
                0x0800db5c       0x24 ./USB_DEVICE/App/usbd_desc.o
                0x0800db5c                USBD_FS_USR_BOSDescriptor
 .text.Get_SerialNum
                0x0800db80       0x58 ./USB_DEVICE/App/usbd_desc.o
 .text.IntToUnicode
                0x0800dbd8       0x7e ./USB_DEVICE/App/usbd_desc.o
 *fill*         0x0800dc56        0x2 
 .text.HAL_PCD_MspInit
                0x0800dc58       0xc4 ./USB_DEVICE/Target/usbd_conf.o
                0x0800dc58                HAL_PCD_MspInit
 .text.HAL_PCD_SetupStageCallback
                0x0800dd1c       0x24 ./USB_DEVICE/Target/usbd_conf.o
                0x0800dd1c                HAL_PCD_SetupStageCallback
 .text.HAL_PCD_DataOutStageCallback
                0x0800dd40       0x36 ./USB_DEVICE/Target/usbd_conf.o
                0x0800dd40                HAL_PCD_DataOutStageCallback
 .text.HAL_PCD_DataInStageCallback
                0x0800dd76       0x34 ./USB_DEVICE/Target/usbd_conf.o
                0x0800dd76                HAL_PCD_DataInStageCallback
 .text.HAL_PCD_SOFCallback
                0x0800ddaa       0x1c ./USB_DEVICE/Target/usbd_conf.o
                0x0800ddaa                HAL_PCD_SOFCallback
 .text.HAL_PCD_ResetCallback
                0x0800ddc6       0x3c ./USB_DEVICE/Target/usbd_conf.o
                0x0800ddc6                HAL_PCD_ResetCallback
 *fill*         0x0800de02        0x2 
 .text.HAL_PCD_SuspendCallback
                0x0800de04       0x34 ./USB_DEVICE/Target/usbd_conf.o
                0x0800de04                HAL_PCD_SuspendCallback
 .text.HAL_PCD_ResumeCallback
                0x0800de38       0x38 ./USB_DEVICE/Target/usbd_conf.o
                0x0800de38                HAL_PCD_ResumeCallback
 .text.USBD_LL_Init
                0x0800de70       0xc4 ./USB_DEVICE/Target/usbd_conf.o
                0x0800de70                USBD_LL_Init
 .text.USBD_LL_Start
                0x0800df34       0x64 ./USB_DEVICE/Target/usbd_conf.o
                0x0800df34                USBD_LL_Start
 .text.USBD_LL_OpenEP
                0x0800df98       0x7c ./USB_DEVICE/Target/usbd_conf.o
                0x0800df98                USBD_LL_OpenEP
 .text.USBD_LL_CloseEP
                0x0800e014       0x6c ./USB_DEVICE/Target/usbd_conf.o
                0x0800e014                USBD_LL_CloseEP
 .text.USBD_LL_StallEP
                0x0800e080       0x6c ./USB_DEVICE/Target/usbd_conf.o
                0x0800e080                USBD_LL_StallEP
 .text.USBD_LL_ClearStallEP
                0x0800e0ec       0x6c ./USB_DEVICE/Target/usbd_conf.o
                0x0800e0ec                USBD_LL_ClearStallEP
 .text.USBD_LL_IsStallEP
                0x0800e158       0x58 ./USB_DEVICE/Target/usbd_conf.o
                0x0800e158                USBD_LL_IsStallEP
 .text.USBD_LL_SetUSBAddress
                0x0800e1b0       0x6c ./USB_DEVICE/Target/usbd_conf.o
                0x0800e1b0                USBD_LL_SetUSBAddress
 .text.USBD_LL_Transmit
                0x0800e21c       0x70 ./USB_DEVICE/Target/usbd_conf.o
                0x0800e21c                USBD_LL_Transmit
 .text.USBD_LL_PrepareReceive
                0x0800e28c       0x70 ./USB_DEVICE/Target/usbd_conf.o
                0x0800e28c                USBD_LL_PrepareReceive
 .text.USBD_LL_GetRxDataSize
                0x0800e2fc       0x26 ./USB_DEVICE/Target/usbd_conf.o
                0x0800e2fc                USBD_LL_GetRxDataSize
 *fill*         0x0800e322        0x2 
 .text.HAL_PCDEx_LPM_Callback
                0x0800e324       0x6c ./USB_DEVICE/Target/usbd_conf.o
                0x0800e324                HAL_PCDEx_LPM_Callback
 .text.USBD_static_malloc
                0x0800e390       0x1c ./USB_DEVICE/Target/usbd_conf.o
                0x0800e390                USBD_static_malloc
 .text.USBD_static_free
                0x0800e3ac       0x14 ./USB_DEVICE/Target/usbd_conf.o
                0x0800e3ac                USBD_static_free
 .text.SystemClockConfig_Resume
                0x0800e3c0        0xc ./USB_DEVICE/Target/usbd_conf.o
 .text.sprintf  0x0800e3cc       0x44 /Applications/STM32CubeIDE.app/Contents/Eclipse/plugins/com.st.stm32cube.ide.mcu.externaltools.gnu-tools-for-stm32.13.3.rel1.macos64_1.0.0.202411102158/tools/bin/../lib/gcc/arm-none-eabi/13.3.1/../../../../arm-none-eabi/lib/thumb/v7e-m+fp/hard/libc_nano.a(libc_a-sprintf.o)
                0x0800e3cc                sprintf
                0x0800e3cc                siprintf
 .text.memset   0x0800e410       0x10 /Applications/STM32CubeIDE.app/Contents/Eclipse/plugins/com.st.stm32cube.ide.mcu.externaltools.gnu-tools-for-stm32.13.3.rel1.macos64_1.0.0.202411102158/tools/bin/../lib/gcc/arm-none-eabi/13.3.1/../../../../arm-none-eabi/lib/thumb/v7e-m+fp/hard/libc_nano.a(libc_a-memset.o)
                0x0800e410                memset
 .text.__errno  0x0800e420        0xc /Applications/STM32CubeIDE.app/Contents/Eclipse/plugins/com.st.stm32cube.ide.mcu.externaltools.gnu-tools-for-stm32.13.3.rel1.macos64_1.0.0.202411102158/tools/bin/../lib/gcc/arm-none-eabi/13.3.1/../../../../arm-none-eabi/lib/thumb/v7e-m+fp/hard/libc_nano.a(libc_a-errno.o)
                0x0800e420                __errno
 .text.__libc_init_array
                0x0800e42c       0x48 /Applications/STM32CubeIDE.app/Contents/Eclipse/plugins/com.st.stm32cube.ide.mcu.externaltools.gnu-tools-for-stm32.13.3.rel1.macos64_1.0.0.202411102158/tools/bin/../lib/gcc/arm-none-eabi/13.3.1/../../../../arm-none-eabi/lib/thumb/v7e-m+fp/hard/libc_nano.a(libc_a-init.o)
                0x0800e42c                __libc_init_array
 .text.__retarget_lock_acquire_recursive
                0x0800e474        0x2 /Applications/STM32CubeIDE.app/Contents/Eclipse/plugins/com.st.stm32cube.ide.mcu.externaltools.gnu-tools-for-stm32.13.3.rel1.macos64_1.0.0.202411102158/tools/bin/../lib/gcc/arm-none-eabi/13.3.1/../../../../arm-none-eabi/lib/thumb/v7e-m+fp/hard/libc_nano.a(libc_a-lock.o)
                0x0800e474                __retarget_lock_acquire_recursive
 .text.__retarget_lock_release_recursive
                0x0800e476        0x2 /Applications/STM32CubeIDE.app/Contents/Eclipse/plugins/com.st.stm32cube.ide.mcu.externaltools.gnu-tools-for-stm32.13.3.rel1.macos64_1.0.0.202411102158/tools/bin/../lib/gcc/arm-none-eabi/13.3.1/../../../../arm-none-eabi/lib/thumb/v7e-m+fp/hard/libc_nano.a(libc_a-lock.o)
                0x0800e476                __retarget_lock_release_recursive
 .text.memcpy   0x0800e478       0x1c /Applications/STM32CubeIDE.app/Contents/Eclipse/plugins/com.st.stm32cube.ide.mcu.externaltools.gnu-tools-for-stm32.13.3.rel1.macos64_1.0.0.202411102158/tools/bin/../lib/gcc/arm-none-eabi/13.3.1/../../../../arm-none-eabi/lib/thumb/v7e-m+fp/hard/libc_nano.a(libc_a-memcpy-stub.o)
                0x0800e478                memcpy
 .text.__ssputs_r
                0x0800e494       0xb6 /Applications/STM32CubeIDE.app/Contents/Eclipse/plugins/com.st.stm32cube.ide.mcu.externaltools.gnu-tools-for-stm32.13.3.rel1.macos64_1.0.0.202411102158/tools/bin/../lib/gcc/arm-none-eabi/13.3.1/../../../../arm-none-eabi/lib/thumb/v7e-m+fp/hard/libc_nano.a(libc_a-nano-svfprintf.o)
                0x0800e494                __ssputs_r
 *fill*         0x0800e54a        0x2 
 .text._svfprintf_r
                0x0800e54c      0x1f8 /Applications/STM32CubeIDE.app/Contents/Eclipse/plugins/com.st.stm32cube.ide.mcu.externaltools.gnu-tools-for-stm32.13.3.rel1.macos64_1.0.0.202411102158/tools/bin/../lib/gcc/arm-none-eabi/13.3.1/../../../../arm-none-eabi/lib/thumb/v7e-m+fp/hard/libc_nano.a(libc_a-nano-svfprintf.o)
                0x0800e54c                _svfprintf_r
                0x0800e54c                _svfiprintf_r
 .text.sbrk_aligned
                0x0800e744       0x44 /Applications/STM32CubeIDE.app/Contents/Eclipse/plugins/com.st.stm32cube.ide.mcu.externaltools.gnu-tools-for-stm32.13.3.rel1.macos64_1.0.0.202411102158/tools/bin/../lib/gcc/arm-none-eabi/13.3.1/../../../../arm-none-eabi/lib/thumb/v7e-m+fp/hard/libc_nano.a(libc_a-mallocr.o)
 .text._malloc_r
                0x0800e788      0x100 /Applications/STM32CubeIDE.app/Contents/Eclipse/plugins/com.st.stm32cube.ide.mcu.externaltools.gnu-tools-for-stm32.13.3.rel1.macos64_1.0.0.202411102158/tools/bin/../lib/gcc/arm-none-eabi/13.3.1/../../../../arm-none-eabi/lib/thumb/v7e-m+fp/hard/libc_nano.a(libc_a-mallocr.o)
                0x0800e788                _malloc_r
 .text._printf_common
                0x0800e888       0xda /Applications/STM32CubeIDE.app/Contents/Eclipse/plugins/com.st.stm32cube.ide.mcu.externaltools.gnu-tools-for-stm32.13.3.rel1.macos64_1.0.0.202411102158/tools/bin/../lib/gcc/arm-none-eabi/13.3.1/../../../../arm-none-eabi/lib/thumb/v7e-m+fp/hard/libc_nano.a(libc_a-nano-vfprintf_i.o)
                0x0800e888                _printf_common
 *fill*         0x0800e962        0x2 
 .text._printf_i
                0x0800e964      0x23c /Applications/STM32CubeIDE.app/Contents/Eclipse/plugins/com.st.stm32cube.ide.mcu.externaltools.gnu-tools-for-stm32.13.3.rel1.macos64_1.0.0.202411102158/tools/bin/../lib/gcc/arm-none-eabi/13.3.1/../../../../arm-none-eabi/lib/thumb/v7e-m+fp/hard/libc_nano.a(libc_a-nano-vfprintf_i.o)
                0x0800e964                _printf_i
 .text.__malloc_lock
                0x0800eba0        0xc /Applications/STM32CubeIDE.app/Contents/Eclipse/plugins/com.st.stm32cube.ide.mcu.externaltools.gnu-tools-for-stm32.13.3.rel1.macos64_1.0.0.202411102158/tools/bin/../lib/gcc/arm-none-eabi/13.3.1/../../../../arm-none-eabi/lib/thumb/v7e-m+fp/hard/libc_nano.a(libc_a-mlock.o)
                0x0800eba0                __malloc_lock
 .text.__malloc_unlock
                0x0800ebac        0xc /Applications/STM32CubeIDE.app/Contents/Eclipse/plugins/com.st.stm32cube.ide.mcu.externaltools.gnu-tools-for-stm32.13.3.rel1.macos64_1.0.0.202411102158/tools/bin/../lib/gcc/arm-none-eabi/13.3.1/../../../../arm-none-eabi/lib/thumb/v7e-m+fp/hard/libc_nano.a(libc_a-mlock.o)
                0x0800ebac                __malloc_unlock
 .text._realloc_r
                0x0800ebb8       0x5c /Applications/STM32CubeIDE.app/Contents/Eclipse/plugins/com.st.stm32cube.ide.mcu.externaltools.gnu-tools-for-stm32.13.3.rel1.macos64_1.0.0.202411102158/tools/bin/../lib/gcc/arm-none-eabi/13.3.1/../../../../arm-none-eabi/lib/thumb/v7e-m+fp/hard/libc_nano.a(libc_a-reallocr.o)
                0x0800ebb8                _realloc_r
 .text.memmove  0x0800ec14       0x34 /Applications/STM32CubeIDE.app/Contents/Eclipse/plugins/com.st.stm32cube.ide.mcu.externaltools.gnu-tools-for-stm32.13.3.rel1.macos64_1.0.0.202411102158/tools/bin/../lib/gcc/arm-none-eabi/13.3.1/../../../../arm-none-eabi/lib/thumb/v7e-m+fp/hard/libc_nano.a(libc_a-memmove.o)
                0x0800ec14                memmove
 .text._sbrk_r  0x0800ec48       0x20 /Applications/STM32CubeIDE.app/Contents/Eclipse/plugins/com.st.stm32cube.ide.mcu.externaltools.gnu-tools-for-stm32.13.3.rel1.macos64_1.0.0.202411102158/tools/bin/../lib/gcc/arm-none-eabi/13.3.1/../../../../arm-none-eabi/lib/thumb/v7e-m+fp/hard/libc_nano.a(libc_a-sbrkr.o)
                0x0800ec48                _sbrk_r
 .text._free_r  0x0800ec68       0x94 /Applications/STM32CubeIDE.app/Contents/Eclipse/plugins/com.st.stm32cube.ide.mcu.externaltools.gnu-tools-for-stm32.13.3.rel1.macos64_1.0.0.202411102158/tools/bin/../lib/gcc/arm-none-eabi/13.3.1/../../../../arm-none-eabi/lib/thumb/v7e-m+fp/hard/libc_nano.a(libc_a-freer.o)
                0x0800ec68                _free_r
 .text._malloc_usable_size_r
                0x0800ecfc       0x10 /Applications/STM32CubeIDE.app/Contents/Eclipse/plugins/com.st.stm32cube.ide.mcu.externaltools.gnu-tools-for-stm32.13.3.rel1.macos64_1.0.0.202411102158/tools/bin/../lib/gcc/arm-none-eabi/13.3.1/../../../../arm-none-eabi/lib/thumb/v7e-m+fp/hard/libc_nano.a(libc_a-msizer.o)
                0x0800ecfc                _malloc_usable_size_r
 .text.expf     0x0800ed0c       0x6c /Applications/STM32CubeIDE.app/Contents/Eclipse/plugins/com.st.stm32cube.ide.mcu.externaltools.gnu-tools-for-stm32.13.3.rel1.macos64_1.0.0.202411102158/tools/bin/../lib/gcc/arm-none-eabi/13.3.1/../../../../arm-none-eabi/lib/thumb/v7e-m+fp/hard/libm.a(libm_a-wf_exp.o)
                0x0800ed0c                expf
 .text.sqrtf    0x0800ed78       0x3c /Applications/STM32CubeIDE.app/Contents/Eclipse/plugins/com.st.stm32cube.ide.mcu.externaltools.gnu-tools-for-stm32.13.3.rel1.macos64_1.0.0.202411102158/tools/bin/../lib/gcc/arm-none-eabi/13.3.1/../../../../arm-none-eabi/lib/thumb/v7e-m+fp/hard/libm.a(libm_a-wf_sqrt.o)
                0x0800ed78                sqrtf
 .text.finitef  0x0800edb4       0x14 /Applications/STM32CubeIDE.app/Contents/Eclipse/plugins/com.st.stm32cube.ide.mcu.externaltools.gnu-tools-for-stm32.13.3.rel1.macos64_1.0.0.202411102158/tools/bin/../lib/gcc/arm-none-eabi/13.3.1/../../../../arm-none-eabi/lib/thumb/v7e-m+fp/hard/libm.a(libm_a-sf_finite.o)
                0x0800edb4                finitef
 .text.__ieee754_expf
                0x0800edc8      0x19c /Applications/STM32CubeIDE.app/Contents/Eclipse/plugins/com.st.stm32cube.ide.mcu.externaltools.gnu-tools-for-stm32.13.3.rel1.macos64_1.0.0.202411102158/tools/bin/../lib/gcc/arm-none-eabi/13.3.1/../../../../arm-none-eabi/lib/thumb/v7e-m+fp/hard/libm.a(libm_a-ef_exp.o)
                0x0800edc8                __ieee754_expf
 .text.__ieee754_sqrtf
                0x0800ef64        0x6 /Applications/STM32CubeIDE.app/Contents/Eclipse/plugins/com.st.stm32cube.ide.mcu.externaltools.gnu-tools-for-stm32.13.3.rel1.macos64_1.0.0.202411102158/tools/bin/../lib/gcc/arm-none-eabi/13.3.1/../../../../arm-none-eabi/lib/thumb/v7e-m+fp/hard/libm.a(libm_a-ef_sqrt.o)
                0x0800ef64                __ieee754_sqrtf
 .text.with_errnof
                0x0800ef6a       0x1c /Applications/STM32CubeIDE.app/Contents/Eclipse/plugins/com.st.stm32cube.ide.mcu.externaltools.gnu-tools-for-stm32.13.3.rel1.macos64_1.0.0.202411102158/tools/bin/../lib/gcc/arm-none-eabi/13.3.1/../../../../arm-none-eabi/lib/thumb/v7e-m+fp/hard/libm.a(libm_a-math_errf.o)
 .text.xflowf   0x0800ef86       0x16 /Applications/STM32CubeIDE.app/Contents/Eclipse/plugins/com.st.stm32cube.ide.mcu.externaltools.gnu-tools-for-stm32.13.3.rel1.macos64_1.0.0.202411102158/tools/bin/../lib/gcc/arm-none-eabi/13.3.1/../../../../arm-none-eabi/lib/thumb/v7e-m+fp/hard/libm.a(libm_a-math_errf.o)
 .text.__math_uflowf
                0x0800ef9c        0xc /Applications/STM32CubeIDE.app/Contents/Eclipse/plugins/com.st.stm32cube.ide.mcu.externaltools.gnu-tools-for-stm32.13.3.rel1.macos64_1.0.0.202411102158/tools/bin/../lib/gcc/arm-none-eabi/13.3.1/../../../../arm-none-eabi/lib/thumb/v7e-m+fp/hard/libm.a(libm_a-math_errf.o)
                0x0800ef9c                __math_uflowf
 .text.__math_oflowf
                0x0800efa8        0xc /Applications/STM32CubeIDE.app/Contents/Eclipse/plugins/com.st.stm32cube.ide.mcu.externaltools.gnu-tools-for-stm32.13.3.rel1.macos64_1.0.0.202411102158/tools/bin/../lib/gcc/arm-none-eabi/13.3.1/../../../../arm-none-eabi/lib/thumb/v7e-m+fp/hard/libm.a(libm_a-math_errf.o)
                0x0800efa8                __math_oflowf
 *(.glue_7)
 .glue_7        0x0800efb4        0x0 linker stubs
 *(.glue_7t)
 .glue_7t       0x0800efb4        0x0 linker stubs
 *(.eh_frame)
 .eh_frame      0x0800efb4        0x0 /Applications/STM32CubeIDE.app/Contents/Eclipse/plugins/com.st.stm32cube.ide.mcu.externaltools.gnu-tools-for-stm32.13.3.rel1.macos64_1.0.0.202411102158/tools/bin/../lib/gcc/arm-none-eabi/13.3.1/thumb/v7e-m+fp/hard/crtbegin.o
 *(.init)
 .init          0x0800efb4        0x4 /Applications/STM32CubeIDE.app/Contents/Eclipse/plugins/com.st.stm32cube.ide.mcu.externaltools.gnu-tools-for-stm32.13.3.rel1.macos64_1.0.0.202411102158/tools/bin/../lib/gcc/arm-none-eabi/13.3.1/thumb/v7e-m+fp/hard/crti.o
                0x0800efb4                _init
 .init          0x0800efb8        0x8 /Applications/STM32CubeIDE.app/Contents/Eclipse/plugins/com.st.stm32cube.ide.mcu.externaltools.gnu-tools-for-stm32.13.3.rel1.macos64_1.0.0.202411102158/tools/bin/../lib/gcc/arm-none-eabi/13.3.1/thumb/v7e-m+fp/hard/crtn.o
 *(.fini)
 .fini          0x0800efc0        0x4 /Applications/STM32CubeIDE.app/Contents/Eclipse/plugins/com.st.stm32cube.ide.mcu.externaltools.gnu-tools-for-stm32.13.3.rel1.macos64_1.0.0.202411102158/tools/bin/../lib/gcc/arm-none-eabi/13.3.1/thumb/v7e-m+fp/hard/crti.o
                0x0800efc0                _fini
 .fini          0x0800efc4        0x8 /Applications/STM32CubeIDE.app/Contents/Eclipse/plugins/com.st.stm32cube.ide.mcu.externaltools.gnu-tools-for-stm32.13.3.rel1.macos64_1.0.0.202411102158/tools/bin/../lib/gcc/arm-none-eabi/13.3.1/thumb/v7e-m+fp/hard/crtn.o
                0x0800efcc                        . = ALIGN (0x4)
                0x0800efcc                        _etext = .

.vfp11_veneer   0x0800efcc        0x0
 .vfp11_veneer  0x0800efcc        0x0 linker stubs

.v4_bx          0x0800efcc        0x0
 .v4_bx         0x0800efcc        0x0 linker stubs

.iplt           0x0800efcc        0x0
 .iplt          0x0800efcc        0x0 /Applications/STM32CubeIDE.app/Contents/Eclipse/plugins/com.st.stm32cube.ide.mcu.externaltools.gnu-tools-for-stm32.13.3.rel1.macos64_1.0.0.202411102158/tools/bin/../lib/gcc/arm-none-eabi/13.3.1/thumb/v7e-m+fp/hard/crtbegin.o

.rodata         0x0800efcc      0xd74
                0x0800efcc                        . = ALIGN (0x4)
 *(.rodata)
 .rodata        0x0800efcc      0x138 ./Core/Src/airlet_gui.o
 .rodata        0x0800f104        0x8 ./Drivers/SGP41/sgp41.o
 .rodata        0x0800f10c       0x46 ./USB_DEVICE/App/usbd_desc.o
 *(.rodata*)
 *fill*         0x0800f152        0x2 
 .rodata.co2_icon
                0x0800f154       0x60 ./Core/Src/airlet_gui.o
 .rodata.nox_icon
                0x0800f1b4       0x60 ./Core/Src/airlet_gui.o
 .rodata.voc_icon
                0x0800f214       0x60 ./Core/Src/airlet_gui.o
 .rodata.opt_icon
                0x0800f274       0x60 ./Core/Src/airlet_gui.o
 .rodata.tmp_icon
                0x0800f2d4       0x60 ./Core/Src/airlet_gui.o
 .rodata.rh_icon
                0x0800f334       0x60 ./Core/Src/airlet_gui.o
 .rodata.bat_icon
                0x0800f394       0x60 ./Core/Src/airlet_gui.o
 .rodata.battery_blank
                0x0800f3f4      0x200 ./Core/Src/airlet_gui.o
 .rodata.home_screen
                0x0800f5f4      0x200 ./Core/Src/airlet_gui.o
 .rodata.good_ind
                0x0800f7f4       0x80 ./Core/Src/airlet_gui.o
 .rodata.caution_ind
                0x0800f874       0x80 ./Core/Src/airlet_gui.o
 .rodata.poor_ind
                0x0800f8f4       0x80 ./Core/Src/airlet_gui.o
 .rodata.colon  0x0800f974       0x10 ./Core/Src/airlet_gui.o
 .rodata.sqrtlux
                0x0800f984       0x13 ./Core/Src/airlet_gui.o
 *fill*         0x0800f997        0x1 
 .rodata.settings_icon
                0x0800f998       0x80 ./Core/Src/airlet_gui.o
 .rodata.settings_pointer
                0x0800fa18        0x8 ./Core/Src/airlet_gui.o
 .rodata.y_resolution.9
                0x0800fa20        0x1 ./Core/Src/airlet_gui.o
 .rodata.x_resolution.8
                0x0800fa21        0x1 ./Core/Src/airlet_gui.o
 *fill*         0x0800fa22        0x2 
 .rodata.AHBPrescTable
                0x0800fa24       0x10 ./Core/Src/system_stm32l4xx.o
                0x0800fa24                AHBPrescTable
 .rodata.MSIRangeTable
                0x0800fa34       0x30 ./Core/Src/system_stm32l4xx.o
                0x0800fa34                MSIRangeTable
 .rodata.FONTSMALL
                0x0800fa64      0x1e0 ./Drivers/SSD1316/Src/ssd1316_core.o
 .rodata.FONTLARGE
                0x0800fc44       0x8c ./Drivers/SSD1316/Src/ssd1316_core.o
 .rodata.FONTTINY
                0x0800fcd0       0x24 ./Drivers/SSD1316/Src/ssd1316_core.o
 .rodata._svfprintf_r.str1.1
                0x0800fcf4       0x33 /Applications/STM32CubeIDE.app/Contents/Eclipse/plugins/com.st.stm32cube.ide.mcu.externaltools.gnu-tools-for-stm32.13.3.rel1.macos64_1.0.0.202411102158/tools/bin/../lib/gcc/arm-none-eabi/13.3.1/../../../../arm-none-eabi/lib/thumb/v7e-m+fp/hard/libc_nano.a(libc_a-nano-svfprintf.o)
                                 0x11 (size before relaxing)
 .rodata._printf_i.str1.1
                0x0800fd27       0x22 /Applications/STM32CubeIDE.app/Contents/Eclipse/plugins/com.st.stm32cube.ide.mcu.externaltools.gnu-tools-for-stm32.13.3.rel1.macos64_1.0.0.202411102158/tools/bin/../lib/gcc/arm-none-eabi/13.3.1/../../../../arm-none-eabi/lib/thumb/v7e-m+fp/hard/libc_nano.a(libc_a-nano-vfprintf_i.o)
 *fill*         0x0800fd27        0x1 
 .rodata.ln2LO  0x0800fd28        0x8 /Applications/STM32CubeIDE.app/Contents/Eclipse/plugins/com.st.stm32cube.ide.mcu.externaltools.gnu-tools-for-stm32.13.3.rel1.macos64_1.0.0.202411102158/tools/bin/../lib/gcc/arm-none-eabi/13.3.1/../../../../arm-none-eabi/lib/thumb/v7e-m+fp/hard/libm.a(libm_a-ef_exp.o)
 .rodata.ln2HI  0x0800fd30        0x8 /Applications/STM32CubeIDE.app/Contents/Eclipse/plugins/com.st.stm32cube.ide.mcu.externaltools.gnu-tools-for-stm32.13.3.rel1.macos64_1.0.0.202411102158/tools/bin/../lib/gcc/arm-none-eabi/13.3.1/../../../../arm-none-eabi/lib/thumb/v7e-m+fp/hard/libm.a(libm_a-ef_exp.o)
 .rodata.halF   0x0800fd38        0x8 /Applications/STM32CubeIDE.app/Contents/Eclipse/plugins/com.st.stm32cube.ide.mcu.externaltools.gnu-tools-for-stm32.13.3.rel1.macos64_1.0.0.202411102158/tools/bin/../lib/gcc/arm-none-eabi/13.3.1/../../../../arm-none-eabi/lib/thumb/v7e-m+fp/hard/libm.a(libm_a-ef_exp.o)
                0x0800fd40                        . = ALIGN (0x4)

.ARM.extab      0x0800fd40        0x0
                0x0800fd40                        . = ALIGN (0x4)
 *(.ARM.extab* .gnu.linkonce.armextab.*)
                0x0800fd40                        . = ALIGN (0x4)

.ARM            0x0800fd40        0x8
                0x0800fd40                        . = ALIGN (0x4)
                0x0800fd40                        __exidx_start = .
 *(.ARM.exidx*)
 .ARM.exidx     0x0800fd40        0x8 /Applications/STM32CubeIDE.app/Contents/Eclipse/plugins/com.st.stm32cube.ide.mcu.externaltools.gnu-tools-for-stm32.13.3.rel1.macos64_1.0.0.202411102158/tools/bin/../lib/gcc/arm-none-eabi/13.3.1/../../../../arm-none-eabi/lib/thumb/v7e-m+fp/hard/libc_nano.a(libc_a-strlen.o)
 .ARM.exidx     0x0800fd48        0x0 /Applications/STM32CubeIDE.app/Contents/Eclipse/plugins/com.st.stm32cube.ide.mcu.externaltools.gnu-tools-for-stm32.13.3.rel1.macos64_1.0.0.202411102158/tools/bin/../lib/gcc/arm-none-eabi/13.3.1/../../../../arm-none-eabi/lib/thumb/v7e-m+fp/hard/libc_nano.a(libc_a-memchr.o)
                                  0x8 (size before relaxing)
                0x0800fd48                        __exidx_end = .
                0x0800fd48                        . = ALIGN (0x4)

.preinit_array  0x0800fd48        0x0
                0x0800fd48                        . = ALIGN (0x4)
                0x0800fd48                        PROVIDE (__preinit_array_start = .)
 *(.preinit_array*)
                0x0800fd48                        PROVIDE (__preinit_array_end = .)
                0x0800fd48                        . = ALIGN (0x4)

.init_array     0x0800fd48        0x4
                0x0800fd48                        . = ALIGN (0x4)
                0x0800fd48                        PROVIDE (__init_array_start = .)
 *(SORT_BY_NAME(.init_array.*))
 *(.init_array*)
 .init_array    0x0800fd48        0x4 /Applications/STM32CubeIDE.app/Contents/Eclipse/plugins/com.st.stm32cube.ide.mcu.externaltools.gnu-tools-for-stm32.13.3.rel1.macos64_1.0.0.202411102158/tools/bin/../lib/gcc/arm-none-eabi/13.3.1/thumb/v7e-m+fp/hard/crtbegin.o
                0x0800fd4c                        PROVIDE (__init_array_end = .)
                0x0800fd4c                        . = ALIGN (0x4)

.fini_array     0x0800fd4c        0x4
                0x0800fd4c                        . = ALIGN (0x4)
                [!provide]                        PROVIDE (__fini_array_start = .)
 *(SORT_BY_NAME(.fini_array.*))
 *(.fini_array*)
 .fini_array    0x0800fd4c        0x4 /Applications/STM32CubeIDE.app/Contents/Eclipse/plugins/com.st.stm32cube.ide.mcu.externaltools.gnu-tools-for-stm32.13.3.rel1.macos64_1.0.0.202411102158/tools/bin/../lib/gcc/arm-none-eabi/13.3.1/thumb/v7e-m+fp/hard/crtbegin.o
                [!provide]                        PROVIDE (__fini_array_end = .)
                0x0800fd50                        . = ALIGN (0x4)
                0x0800fd50                        _sidata = LOADADDR (.data)

.rel.dyn        0x0800fd50        0x0
 .rel.iplt      0x0800fd50        0x0 /Applications/STM32CubeIDE.app/Contents/Eclipse/plugins/com.st.stm32cube.ide.mcu.externaltools.gnu-tools-for-stm32.13.3.rel1.macos64_1.0.0.202411102158/tools/bin/../lib/gcc/arm-none-eabi/13.3.1/thumb/v7e-m+fp/hard/crtbegin.o

.data           0x20000000      0x204 load address 0x0800fd50
                0x20000000                        . = ALIGN (0x4)
                0x20000000                        _sdata = .
 *(.data)
 *(.data*)
 .data.contrast
                0x20000000        0x1 ./Core/Src/airlet_gui.o
                0x20000000                contrast
 .data.screen_sleep
                0x20000001        0x1 ./Core/Src/airlet_gui.o
                0x20000001                screen_sleep
 .data.poll_rate
                0x20000002        0x1 ./Core/Src/airlet_gui.o
                0x20000002                poll_rate
 .data.graph_time
                0x20000003        0x1 ./Core/Src/airlet_gui.o
                0x20000003                graph_time
 .data.home_select
                0x20000004        0x1 ./Core/Src/airlet_gui.o
                0x20000004                home_select
 .data.unit_select
                0x20000005        0x1 ./Core/Src/airlet_gui.o
                0x20000005                unit_select
 .data.lightdark
                0x20000006        0x1 ./Core/Src/airlet_gui.o
                0x20000006                lightdark
 .data.screen_state
                0x20000007        0x1 ./Core/Src/airlet_gui.o
                0x20000007                screen_state
 .data.screen_off_ticks
                0x20000008        0x4 ./Core/Src/airlet_gui.o
                0x20000008                screen_off_ticks
 .data.line_dims.17
                0x2000000c        0x4 ./Core/Src/airlet_gui.o
 .data.line_dims2.16
                0x20000010        0x4 ./Core/Src/airlet_gui.o
 .data.str5.13  0x20000014        0x6 ./Core/Src/airlet_gui.o
 *fill*         0x2000001a        0x2 
 .data.str2.12  0x2000001c        0x6 ./Core/Src/airlet_gui.o
 *fill*         0x20000022        0x2 
 .data.str3.11  0x20000024        0x6 ./Core/Src/airlet_gui.o
 *fill*         0x2000002a        0x2 
 .data.str4.10  0x2000002c        0x6 ./Core/Src/airlet_gui.o
 *fill*         0x20000032        0x2 
 .data.co2_label.6
                0x20000034        0x4 ./Core/Src/airlet_gui.o
 .data.voc_label.5
                0x20000038        0x4 ./Core/Src/airlet_gui.o
 .data.nox_label.4
                0x2000003c        0x4 ./Core/Src/airlet_gui.o
 .data.opt_label.3
                0x20000040        0x4 ./Core/Src/airlet_gui.o
 .data.tmp_label.2
                0x20000044        0x4 ./Core/Src/airlet_gui.o
 .data.rh_label.1
                0x20000048        0x4 ./Core/Src/airlet_gui.o
 .data.bat_label.0
                0x2000004c        0x4 ./Core/Src/airlet_gui.o
 .data.cycling_enabled
                0x20000050        0x1 ./Core/Src/sensor_cycling.o
                0x20000050                cycling_enabled
 *fill*         0x20000051        0x3 
 .data.sensor_val_history
                0x20000054       0x38 ./Core/Src/sensor_cycling.o
                0x20000054                sensor_val_history
 .data.sampling_rate
                0x2000008c       0x14 ./Core/Src/sensor_cycling.o
                0x2000008c                sampling_rate
 .data.SystemCoreClock
                0x200000a0        0x4 ./Core/Src/system_stm32l4xx.o
                0x200000a0                SystemCoreClock
 .data.uwTickPrio
                0x200000a4        0x4 ./Drivers/STM32L4xx_HAL_Driver/Src/stm32l4xx_hal.o
                0x200000a4                uwTickPrio
 .data.uwTickFreq
                0x200000a8        0x1 ./Drivers/STM32L4xx_HAL_Driver/Src/stm32l4xx_hal.o
                0x200000a8                uwTickFreq
 *fill*         0x200000a9        0x3 
 .data.USBD_CDC_DeviceQualifierDesc
                0x200000ac        0xa ./Middlewares/ST/STM32_USB_Device_Library/Class/CDC/Src/usbd_cdc.o
 *fill*         0x200000b6        0x2 
 .data.USBD_CDC
                0x200000b8       0x38 ./Middlewares/ST/STM32_USB_Device_Library/Class/CDC/Src/usbd_cdc.o
                0x200000b8                USBD_CDC
 .data.USBD_CDC_CfgDesc
                0x200000f0       0x43 ./Middlewares/ST/STM32_USB_Device_Library/Class/CDC/Src/usbd_cdc.o
 .data.CDCInEpAdd
                0x20000133        0x1 ./Middlewares/ST/STM32_USB_Device_Library/Class/CDC/Src/usbd_cdc.o
 .data.CDCOutEpAdd
                0x20000134        0x1 ./Middlewares/ST/STM32_USB_Device_Library/Class/CDC/Src/usbd_cdc.o
 .data.CDCCmdEpAdd
                0x20000135        0x1 ./Middlewares/ST/STM32_USB_Device_Library/Class/CDC/Src/usbd_cdc.o
 *fill*         0x20000136        0x2 
 .data.lineCoding
                0x20000138        0x7 ./USB_DEVICE/App/usbd_cdc_if.o
 *fill*         0x2000013f        0x1 
 .data.USBD_Interface_fops_FS
                0x20000140       0x14 ./USB_DEVICE/App/usbd_cdc_if.o
                0x20000140                USBD_Interface_fops_FS
 .data.FS_Desc  0x20000154       0x20 ./USB_DEVICE/App/usbd_desc.o
                0x20000154                FS_Desc
 .data.USBD_FS_DeviceDesc
                0x20000174       0x12 ./USB_DEVICE/App/usbd_desc.o
                0x20000174                USBD_FS_DeviceDesc
 *fill*         0x20000186        0x2 
 .data.USBD_FS_BOSDesc
                0x20000188        0xc ./USB_DEVICE/App/usbd_desc.o
                0x20000188                USBD_FS_BOSDesc
 .data.USBD_LangIDDesc
                0x20000194        0x4 ./USB_DEVICE/App/usbd_desc.o
                0x20000194                USBD_LangIDDesc
 .data.USBD_StringSerial
                0x20000198       0x1a ./USB_DEVICE/App/usbd_desc.o
                0x20000198                USBD_StringSerial
 *fill*         0x200001b2        0x2 
 .data._impure_ptr
                0x200001b4        0x4 /Applications/STM32CubeIDE.app/Contents/Eclipse/plugins/com.st.stm32cube.ide.mcu.externaltools.gnu-tools-for-stm32.13.3.rel1.macos64_1.0.0.202411102158/tools/bin/../lib/gcc/arm-none-eabi/13.3.1/../../../../arm-none-eabi/lib/thumb/v7e-m+fp/hard/libc_nano.a(libc_a-impure.o)
                0x200001b4                _impure_ptr
 .data._impure_data
                0x200001b8       0x4c /Applications/STM32CubeIDE.app/Contents/Eclipse/plugins/com.st.stm32cube.ide.mcu.externaltools.gnu-tools-for-stm32.13.3.rel1.macos64_1.0.0.202411102158/tools/bin/../lib/gcc/arm-none-eabi/13.3.1/../../../../arm-none-eabi/lib/thumb/v7e-m+fp/hard/libc_nano.a(libc_a-impure.o)
                0x200001b8                _impure_data
 *(.RamFunc)
 *(.RamFunc*)
                0x20000204                        . = ALIGN (0x4)
                0x20000204                        _edata = .

.igot.plt       0x20000204        0x0 load address 0x0800ff54
 .igot.plt      0x20000204        0x0 /Applications/STM32CubeIDE.app/Contents/Eclipse/plugins/com.st.stm32cube.ide.mcu.externaltools.gnu-tools-for-stm32.13.3.rel1.macos64_1.0.0.202411102158/tools/bin/../lib/gcc/arm-none-eabi/13.3.1/thumb/v7e-m+fp/hard/crtbegin.o
                0x20000204                        . = ALIGN (0x4)

.bss            0x20000204     0x1db8 load address 0x0800ff54
                0x20000204                        _sbss = .
                0x20000204                        __bss_start__ = _sbss
 *(.bss)
 .bss           0x20000204       0x1c /Applications/STM32CubeIDE.app/Contents/Eclipse/plugins/com.st.stm32cube.ide.mcu.externaltools.gnu-tools-for-stm32.13.3.rel1.macos64_1.0.0.202411102158/tools/bin/../lib/gcc/arm-none-eabi/13.3.1/thumb/v7e-m+fp/hard/crtbegin.o
 *(.bss*)
 .bss.screen_ticks
                0x20000220        0x4 ./Core/Src/airlet_gui.o
                0x20000220                screen_ticks
 .bss.str.15    0x20000224        0x6 ./Core/Src/airlet_gui.o
 *fill*         0x2000022a        0x2 
 .bss.str1.14   0x2000022c        0x6 ./Core/Src/airlet_gui.o
 *fill*         0x20000232        0x2 
 .bss.str1.7    0x20000234        0x6 ./Core/Src/airlet_gui.o
 *fill*         0x2000023a        0x2 
 .bss.hadc1     0x2000023c       0x64 ./Core/Src/main.o
                0x2000023c                hadc1
 .bss.hi2c1     0x200002a0       0x54 ./Core/Src/main.o
                0x200002a0                hi2c1
 .bss.co2_history_index
                0x200002f4        0x2 ./Core/Src/sensor_cycling.o
                0x200002f4                co2_history_index
 *fill*         0x200002f6        0x2 
 .bss.co2_reading_history
                0x200002f8       0xc8 ./Core/Src/sensor_cycling.o
                0x200002f8                co2_reading_history
 .bss.voc_history_index
                0x200003c0        0x2 ./Core/Src/sensor_cycling.o
                0x200003c0                voc_history_index
 *fill*         0x200003c2        0x2 
 .bss.voc_reading_history
                0x200003c4       0xc8 ./Core/Src/sensor_cycling.o
 .bss.nox_history_index
                0x2000048c        0x2 ./Core/Src/sensor_cycling.o
                0x2000048c                nox_history_index
 *fill*         0x2000048e        0x2 
 .bss.nox_reading_history
                0x20000490       0xc8 ./Core/Src/sensor_cycling.o
 .bss.tmp_history_index
                0x20000558        0x2 ./Core/Src/sensor_cycling.o
                0x20000558                tmp_history_index
 *fill*         0x2000055a        0x2 
 .bss.tmp_reading_history
                0x2000055c       0xc8 ./Core/Src/sensor_cycling.o
 .bss.rh_history_index
                0x20000624        0x2 ./Core/Src/sensor_cycling.o
                0x20000624                rh_history_index
 *fill*         0x20000626        0x2 
 .bss.rh_reading_history
                0x20000628       0xc8 ./Core/Src/sensor_cycling.o
 .bss.opt_history_index
                0x200006f0        0x2 ./Core/Src/sensor_cycling.o
                0x200006f0                opt_history_index
 *fill*         0x200006f2        0x2 
 .bss.opt_reading_history
                0x200006f4       0xc8 ./Core/Src/sensor_cycling.o
 .bss.bat_history_index
                0x200007bc        0x2 ./Core/Src/sensor_cycling.o
                0x200007bc                bat_history_index
 *fill*         0x200007be        0x2 
 .bss.bat_reading_history
                0x200007c0       0xc8 ./Core/Src/sensor_cycling.o
 .bss.sensor_state
                0x20000888        0x5 ./Core/Src/sensor_cycling.o
                0x20000888                sensor_state
 *fill*         0x2000088d        0x3 
 .bss.measurement_tick
                0x20000890       0x14 ./Core/Src/sensor_cycling.o
                0x20000890                measurement_tick
 .bss.hadc      0x200008a4        0x4 ./Core/Src/sensor_cycling.o
                0x200008a4                hadc
 .bss.voc_params
                0x200008a8        0x4 ./Core/Src/sensor_cycling.o
                0x200008a8                voc_params
 .bss.nox_params
                0x200008ac        0x4 ./Core/Src/sensor_cycling.o
                0x200008ac                nox_params
 .bss.__sbrk_heap_end
                0x200008b0        0x4 ./Core/Src/sysmem.o
 .bss.opthi2c   0x200008b4       0x54 ./Drivers/OPT3002/opt3002.o
                0x200008b4                opthi2c
 .bss.sgphi2c   0x20000908       0x54 ./Drivers/SGP41/sgp41.o
                0x20000908                sgphi2c
 .bss.cursor_x  0x2000095c        0x1 ./Drivers/SSD1316/Src/ssd1316_core.o
                0x2000095c                cursor_x
 .bss.cursor_y  0x2000095d        0x1 ./Drivers/SSD1316/Src/ssd1316_core.o
                0x2000095d                cursor_y
 *fill*         0x2000095e        0x2 
 .bss.hi2c      0x20000960       0x54 ./Drivers/SSD1316/Src/ssd1316_core.o
                0x20000960                hi2c
 .bss.RES_Port  0x200009b4        0x4 ./Drivers/SSD1316/Src/ssd1316_core.o
                0x200009b4                RES_Port
 .bss.RES_Pin   0x200009b8        0x2 ./Drivers/SSD1316/Src/ssd1316_core.o
                0x200009b8                RES_Pin
 *fill*         0x200009ba        0x2 
 .bss.buffer    0x200009bc      0x280 ./Drivers/SSD1316/Src/ssd1316_core.o
                0x200009bc                buffer
 .bss.stcchi2c  0x20000c3c       0x54 ./Drivers/STCC4/stcc4.o
                0x20000c3c                stcchi2c
 .bss.uwTick    0x20000c90        0x4 ./Drivers/STM32L4xx_HAL_Driver/Src/stm32l4xx_hal.o
                0x20000c90                uwTick
 .bss.cfgidx.0  0x20000c94        0x1 ./Middlewares/ST/STM32_USB_Device_Library/Core/Src/usbd_ctlreq.o
 *fill*         0x20000c95        0x3 
 .bss.hUsbDeviceFS
                0x20000c98      0x2dc ./USB_DEVICE/App/usb_device.o
                0x20000c98                hUsbDeviceFS
 .bss.UserRxBufferFS
                0x20000f74      0x400 ./USB_DEVICE/App/usbd_cdc_if.o
                0x20000f74                UserRxBufferFS
 .bss.UserTxBufferFS
                0x20001374      0x400 ./USB_DEVICE/App/usbd_cdc_if.o
                0x20001374                UserTxBufferFS
 .bss.USBD_StrDesc
                0x20001774      0x200 ./USB_DEVICE/App/usbd_desc.o
                0x20001774                USBD_StrDesc
 .bss.hpcd_USB_FS
                0x20001974      0x2e0 ./USB_DEVICE/Target/usbd_conf.o
                0x20001974                hpcd_USB_FS
 .bss.mem.0     0x20001c54      0x220 ./USB_DEVICE/Target/usbd_conf.o
 .bss.__sf      0x20001e74      0x138 /Applications/STM32CubeIDE.app/Contents/Eclipse/plugins/com.st.stm32cube.ide.mcu.externaltools.gnu-tools-for-stm32.13.3.rel1.macos64_1.0.0.202411102158/tools/bin/../lib/gcc/arm-none-eabi/13.3.1/../../../../arm-none-eabi/lib/thumb/v7e-m+fp/hard/libc_nano.a(libc_a-findfp.o)
                0x20001e74                __sf
 .bss.__lock___malloc_recursive_mutex
                0x20001fac        0x1 /Applications/STM32CubeIDE.app/Contents/Eclipse/plugins/com.st.stm32cube.ide.mcu.externaltools.gnu-tools-for-stm32.13.3.rel1.macos64_1.0.0.202411102158/tools/bin/../lib/gcc/arm-none-eabi/13.3.1/../../../../arm-none-eabi/lib/thumb/v7e-m+fp/hard/libc_nano.a(libc_a-lock.o)
                0x20001fac                __lock___malloc_recursive_mutex
 *fill*         0x20001fad        0x3 
 .bss.__malloc_sbrk_start