../Drivers/SSD1316/Src/ssd1316_core.c:25:6:SSD1316_Set_I2C_And_Reset_Ports	8	static
../Drivers/SSD1316/Src/ssd1316_core.c:32:9:_SSD1316_Send_Command	56	dynamic
../Drivers/SSD1316/Src/ssd1316_core.c:45:9:_SSD1316_Write_Byte	32	static
../Drivers/SSD1316/Src/ssd1316_core.c:51:9:SSD1316_Init	8	static
../Drivers/SSD1316/Src/ssd1316_core.c:71:6:SSD1316_Reset	8	static
../Drivers/SSD1316/Src/ssd1316_core.c:78:9:SSD1316_Set_Screen_Enable	24	static
../Drivers/SSD1316/Src/ssd1316_core.c:84:9:SSD1316_Set_Charge_Pump_Enable	24	static
../Drivers/SSD1316/Src/ssd1316_core.c:91:9:SSD1316_Set_Screen_Invert	24	static
../Drivers/SSD1316/Src/ssd1316_core.c:97:9:SSD1316_Set_RAM_Mode	24	static
../Drivers/SSD1316/Src/ssd1316_core.c:103:9:SSD1316_Set_Reference_Type	24	static
../Drivers/SSD1316/Src/ssd1316_core.c:110:9:SSD1316_Set_Contrast	24	static
../Drivers/SSD1316/Src/ssd1316_core.c:116:9:SSD1316_Set_Page_Address_Mode	24	static
../Drivers/SSD1316/Src/ssd1316_core.c:123:9:SSD1316_Flip_Screen	24	static
../Drivers/SSD1316/Src/ssd1316_core.c:129:6:SSD1316_Set_Cursor_Position	16	static
../Drivers/SSD1316/Src/ssd1316_core.c:136:9:SSD1316_Update_Screen	16	static
../Drivers/SSD1316/Src/ssd1316_core.c:157:9:SSD1316_Clear_Screen	8	static
../Drivers/SSD1316/Src/ssd1316_core.c:163:6:SSD1316_Clear_Buffer	8	static
../Drivers/SSD1316/Src/ssd1316_core.c:169:9:SSD1316_Write_Character	32	static
../Drivers/SSD1316/Src/ssd1316_core.c:196:9:SSD1316_Write_Tiny_Digit	32	static
../Drivers/SSD1316/Src/ssd1316_core.c:223:9:SSD1316_Write_Tiny_Number	32	static
../Drivers/SSD1316/Src/ssd1316_core.c:244:9:SSD1316_Write_Large_Digit	32	static
../Drivers/SSD1316/Src/ssd1316_core.c:259:9:SSD1316_Write_Large_Number	32	static
../Drivers/SSD1316/Src/ssd1316_core.c:280:9:SSD1316_Write_String	32	static
../Drivers/SSD1316/Src/ssd1316_core.c:302:9:SSD1316_Write_Image	24	static
